
> frontend@0.0.0 test
> jest

node.exe : FAIL src/__tests__/components/Input.test.js
En línea: 1 Carácter: 1
+ & "C:\Program Files\nodejs/node.exe" "C:\Program Files\nodejs/node_mo ...
+ ~~~~~~~~~~~~~~~~~~~~~~~~~~~~~~~~~~~~~~~~~~~~~~~~~~~~~~~~~~~~~~~~~~~~~
    + CategoryInfo          : NotSpecified: (FAIL src/__test...s/Input.test.js:String) [], RemoteException
    + FullyQualifiedErrorId : NativeCommandError
 
  ÔùÅ Input Component ÔÇ║ debe mostrar el label cuando se proporciona

    TestingLibraryElementError: Found a label with the text of: /email/i, however no form control was found associated to 
that label. Make sure you're using the "for" attribute or "aria-labelledby" attribute correctly.

    Ignored nodes: comments, script, style
    [36m<body>[39m
      [36m<div>[39m
        [36m<div>[39m
          [36m<label>[39m
            [0mEmail[0m
          [36m</label>[39m
          [36m<input[39m
            [33mclass[39m=[32m""[39m
            [33mtype[39m=[32m"email"[39m
          [36m/>[39m
        [36m</div>[39m
      [36m</div>[39m
    [36m</body>[39m

    [0m [90m 17 |[39m   it([32m'debe mostrar el label cuando se proporciona'[39m[33m,[39m () [33m=>[39m {
     [90m 18 |[39m     render([33m<[39m[33mInput[39m label[33m=[39m[32m"Email"[39m 
type[33m=[39m[32m"email"[39m [33m/[39m[33m>[39m)[33m;[39m
    [31m[1m>[22m[39m[90m 19 |[39m     
expect(screen[33m.[39mgetByLabelText([35m/email/i[39m))[33m.[39mtoBeInTheDocument()[33m;[39m
     [90m    |[39m                   [31m[1m^[22m[39m
     [90m 20 |[39m   })[33m;[39m
     [90m 21 |[39m
     [90m 22 |[39m   it([32m'debe ser de tipo text por defecto'[39m[33m,[39m () [33m=>[39m {[0m

      at Object.getElementError (node_modules/@testing-library/dom/dist/config.js:37:19)
      at getAllByLabelText (node_modules/@testing-library/dom/dist/queries/label-text.js:108:40)
      at node_modules/@testing-library/dom/dist/query-helpers.js:52:17
      at node_modules/@testing-library/dom/dist/query-helpers.js:95:19
      at Object.getByLabelText (src/__tests__/components/Input.test.js:19:19)

FAIL src/__tests__/pages/Products.test.js
  ÔùÅ Products Page ÔÇ║ debe tener paginaci├│n

    TestingLibraryElementError: Found multiple elements with the role "button" and name `/p├ígina|pagina/i`

    Here are the matching elements:

    Ignored nodes: comments, script, style
    [36m<button>[39m
      [0mP├ígina 1[0m
    [36m</button>[39m

    Ignored nodes: comments, script, style
    [36m<button>[39m
      [0mP├ígina 2[0m
    [36m</button>[39m

    (If this is intentional, then use the `*AllBy*` variant of the query (like `queryAllByText`, `getAllByText`, or 
`findAllByText`)).

    Ignored nodes: comments, script, style
    [36m<body>[39m
      [36m<div>[39m
        [36m<div>[39m
          [36m<h1>[39m
            [0mProductos[0m
          [36m</h1>[39m
          [36m<input[39m
            [33mplaceholder[39m=[32m"Buscar productos..."[39m
          [36m/>[39m
          [36m<aside[39m
            [33mclass[39m=[32m"filter-sidebar"[39m
          [36m>[39m
            [36m<h3>[39m
              [0mFiltros[0m
            [36m</h3>[39m
          [36m</aside>[39m
          [36m<main>[39m
            [36m<article>[39m
              [0mProducto 1[0m
            [36m</article>[39m
            [36m<article>[39m
              [0mProducto 2[0m
            [36m</article>[39m
          [36m</main>[39m
          [36m<nav>[39m
            [36m<button>[39m
              [0mP├ígina 1[0m
            [36m</button>[39m
            [36m<button>[39m
              [0mP├ígina 2[0m
            [36m</button>[39m
          [36m</nav>[39m
        [36m</div>[39m
      [36m</div>[39m
    [36m</body>[39m

    [0m [90m 43 |[39m   it([32m'debe tener paginaci├│n'[39m[33m,[39m () [33m=>[39m {
     [90m 44 |[39m     render([33m<[39m[33mMockProductsPage[39m [33m/[39m[33m>[39m)[33m;[39m
    [31m[1m>[22m[39m[90m 45 |[39m     expect(screen[33m.[39mgetByRole([32m'button'[39m[33m,[39m { 
name[33m:[39m [35m/p├ígina|pagina/i[39m }))[33m.[39mtoBeInTheDocument()[33m;[39m
     [90m    |[39m                   [31m[1m^[22m[39m
     [90m 46 |[39m   })[33m;[39m
     [90m 47 |[39m
     [90m 48 |[39m   it([32m'debe mostrar m├║ltiples art├¡culos'[39m[33m,[39m () [33m=>[39m {[0m

      at Object.getElementError (node_modules/@testing-library/dom/dist/config.js:37:19)
      at getElementError (node_modules/@testing-library/dom/dist/query-helpers.js:20:35)
      at getMultipleElementsFoundError (node_modules/@testing-library/dom/dist/query-helpers.js:23:10)
      at node_modules/@testing-library/dom/dist/query-helpers.js:55:13
      at node_modules/@testing-library/dom/dist/query-helpers.js:95:19
      at Object.getByRole (src/__tests__/pages/Products.test.js:45:19)

  ÔùÅ Products Page ÔÇ║ debe mostrar m├║ltiples art├¡culos

    TestingLibraryElementError: Found multiple elements with the text: /producto 1|producto 2/i

    Here are the matching elements:

    Ignored nodes: comments, script, style
    [36m<article>[39m
      [0mProducto 1[0m
    [36m</article>[39m

    Ignored nodes: comments, script, style
    [36m<article>[39m
      [0mProducto 2[0m
    [36m</article>[39m

    (If this is intentional, then use the `*AllBy*` variant of the query (like `queryAllByText`, `getAllByText`, or 
`findAllByText`)).

    Ignored nodes: comments, script, style
    [36m<body>[39m
      [36m<div>[39m
        [36m<div>[39m
          [36m<h1>[39m
            [0mProductos[0m
          [36m</h1>[39m
          [36m<input[39m
            [33mplaceholder[39m=[32m"Buscar productos..."[39m
          [36m/>[39m
          [36m<aside[39m
            [33mclass[39m=[32m"filter-sidebar"[39m
          [36m>[39m
            [36m<h3>[39m
              [0mFiltros[0m
            [36m</h3>[39m
          [36m</aside>[39m
          [36m<main>[39m
            [36m<article>[39m
              [0mProducto 1[0m
            [36m</article>[39m
            [36m<article>[39m
              [0mProducto 2[0m
            [36m</article>[39m
          [36m</main>[39m
          [36m<nav>[39m
            [36m<button>[39m
              [0mP├ígina 1[0m
            [36m</button>[39m
            [36m<button>[39m
              [0mP├ígina 2[0m
            [36m</button>[39m
          [36m</nav>[39m
        [36m</div>[39m
      [36m</div>[39m
    [36m</body>[39m

    [0m [90m 48 |[39m   it([32m'debe mostrar m├║ltiples art├¡culos'[39m[33m,[39m () [33m=>[39m {
     [90m 49 |[39m     render([33m<[39m[33mMockProductsPage[39m [33m/[39m[33m>[39m)[33m;[39m
    [31m[1m>[22m[39m[90m 50 |[39m     expect(screen[33m.[39mgetByText([35m/producto 1|producto 
2/i[39m))[33m.[39mtoBeInTheDocument()[33m;[39m
     [90m    |[39m                   [31m[1m^[22m[39m
     [90m 51 |[39m   })[33m;[39m
     [90m 52 |[39m })[33m;[39m
     [90m 53 |[39m[0m

      at Object.getElementError (node_modules/@testing-library/dom/dist/config.js:37:19)
      at getElementError (node_modules/@testing-library/dom/dist/query-helpers.js:20:35)
      at getMultipleElementsFoundError (node_modules/@testing-library/dom/dist/query-helpers.js:23:10)
      at node_modules/@testing-library/dom/dist/query-helpers.js:55:13
      at node_modules/@testing-library/dom/dist/query-helpers.js:95:19
      at Object.getByText (src/__tests__/pages/Products.test.js:50:19)

FAIL src/__tests__/components/Footer.test.js
  ÔùÅ Footer Component ÔÇ║ debe mostrar informaci├│n de la tienda

    TestingLibraryElementError: Found multiple elements with the text: /miappventas/i

    Here are the matching elements:

    Ignored nodes: comments, script, style
    [36m<p>[39m
      [0mMiAppVentas[0m
    [36m</p>[39m

    Ignored nodes: comments, script, style
    [36m<p>[39m
      [0m┬® 2025 MiAppVentas[0m
    [36m</p>[39m

    (If this is intentional, then use the `*AllBy*` variant of the query (like `queryAllByText`, `getAllByText`, or 
`findAllByText`)).

    Ignored nodes: comments, script, style
    [36m<body>[39m
      [36m<div>[39m
        [36m<footer>[39m
          [36m<p>[39m
            [0mMiAppVentas[0m
          [36m</p>[39m
          [36m<p>[39m
            [0mEnlaces | Acerca de[0m
          [36m</p>[39m
          [36m<p>[39m
            [0mContacto | Email[0m
          [36m</p>[39m
          [36m<p>[39m
            [0mRedes sociales[0m
          [36m</p>[39m
          [36m<a[39m
            [33mhref[39m=[32m"https://facebook.com"[39m
          [36m>[39m
            [0mFacebook[0m
          [36m</a>[39m
          [36m<a[39m
            [33mhref[39m=[32m"https://twitter.com"[39m
          [36m>[39m
            [0mTwitter[0m
          [36m</a>[39m
          [36m<a[39m
            [33mhref[39m=[32m"https://instagram.com"[39m
          [36m>[39m
            [0mInstagram[0m
          [36m</a>[39m
          [36m<p>[39m
            [0m┬® 2025 MiAppVentas[0m
          [36m</p>[39m
          [36m<p>[39m
            [0mPol├¡tica | Privacidad | T├®rminos[0m
          [36m</p>[39m
        [36m</footer>[39m
      [36m</div>[39m
    [36m</body>[39m

    [0m [90m 23 |[39m   it([32m'debe mostrar informaci├│n de la tienda'[39m[33m,[39m () [33m=>[39m {
     [90m 24 |[39m     render([33m<[39m[33mFooter[39m [33m/[39m[33m>[39m)[33m;[39m
    [31m[1m>[22m[39m[90m 25 |[39m     
expect(screen[33m.[39mgetByText([35m/miappventas/i[39m))[33m.[39mtoBeInTheDocument()[33m;[39m
     [90m    |[39m                   [31m[1m^[22m[39m
     [90m 26 |[39m   })[33m;[39m
     [90m 27 |[39m
     [90m 28 |[39m   it([32m'debe mostrar secciones de enlaces ├║tiles'[39m[33m,[39m () [33m=>[39m {[0m

      at Object.getElementError (node_modules/@testing-library/dom/dist/config.js:37:19)
      at getElementError (node_modules/@testing-library/dom/dist/query-helpers.js:20:35)
      at getMultipleElementsFoundError (node_modules/@testing-library/dom/dist/query-helpers.js:23:10)
      at node_modules/@testing-library/dom/dist/query-helpers.js:55:13
      at node_modules/@testing-library/dom/dist/query-helpers.js:95:19
      at Object.getByText (src/__tests__/components/Footer.test.js:25:19)

FAIL src/__tests__/pages/Orders.test.js
  ÔùÅ Orders Page ÔÇ║ debe mostrar n├║mero de orden

    TestingLibraryElementError: Found multiple elements with the text: /orden|pedido/i

    Here are the matching elements:

    Ignored nodes: comments, script, style
    [36m<p>[39m
      [0mOrden #001[0m
    [36m</p>[39m

    Ignored nodes: comments, script, style
    [36m<p>[39m
      [0mOrden #002[0m
    [36m</p>[39m

    (If this is intentional, then use the `*AllBy*` variant of the query (like `queryAllByText`, `getAllByText`, or 
`findAllByText`)).

    Ignored nodes: comments, script, style
    [36m<body>[39m
      [36m<div>[39m
        [36m<div>[39m
          [36m<h1>[39m
            [0mMis ├│rdenes[0m
          [36m</h1>[39m
          [36m<article>[39m
            [36m<p>[39m
              [0mOrden #001[0m
            [36m</p>[39m
            [36m<p>[39m
              [0mFecha: 7 de diciembre 2025[0m
            [36m</p>[39m
            [36m<p>[39m
              [0mEstado: Entregado[0m
            [36m</p>[39m
            [36m<p>[39m
              [0mTotal: S/. 1500.00[0m
            [36m</p>[39m
            [36m<a[39m
              [33mhref[39m=[32m"/orden/1"[39m
            [36m>[39m
              [0mVer detalles[0m
            [36m</a>[39m
          [36m</article>[39m
          [36m<article>[39m
            [36m<p>[39m
              [0mOrden #002[0m
            [36m</p>[39m
            [36m<p>[39m
              [0mFecha: 5 de diciembre 2025[0m
            [36m</p>[39m
            [36m<p>[39m
              [0mEstado: Procesando[0m
            [36m</p>[39m
            [36m<p>[39m
              [0mTotal: S/. 800.00[0m
            [36m</p>[39m
            [36m<a[39m
              [33mhref[39m=[32m"/orden/2"[39m
            [36m>[39m
              [0mVer detalles[0m
            [36m</a>[39m
          [36m</article>[39m
          [36m<select>[39m
            [36m<option>[39m
              [0mTodos[0m
            [36m</option>[39m
            [36m<option>[39m
              [0mPendiente[0m
            [36m</option>[39m
            [36m<option>[39m
              [0mEntregado[0m
            [36m</option>[39m
          [36m</select>[39m
        [36m</div>[39m
      [36m</div>[39m
    [36m</body>[39m

    [0m [90m 40 |[39m   it([32m'debe mostrar n├║mero de orden'[39m[33m,[39m () [33m=>[39m {
     [90m 41 |[39m     render([33m<[39m[33mMockOrders[39m [33m/[39m[33m>[39m)[33m;[39m
    [31m[1m>[22m[39m[90m 42 |[39m     
expect(screen[33m.[39mgetByText([35m/orden|pedido/i[39m))[33m.[39mtoBeInTheDocument()[33m;[39m
     [90m    |[39m                   [31m[1m^[22m[39m
     [90m 43 |[39m   })[33m;[39m
     [90m 44 |[39m
     [90m 45 |[39m   it([32m'debe mostrar fecha de la orden'[39m[33m,[39m () [33m=>[39m {[0m

      at Object.getElementError (node_modules/@testing-library/dom/dist/config.js:37:19)
      at getElementError (node_modules/@testing-library/dom/dist/query-helpers.js:20:35)
      at getMultipleElementsFoundError (node_modules/@testing-library/dom/dist/query-helpers.js:23:10)
      at node_modules/@testing-library/dom/dist/query-helpers.js:55:13
      at node_modules/@testing-library/dom/dist/query-helpers.js:95:19
      at Object.getByText (src/__tests__/pages/Orders.test.js:42:19)

  ÔùÅ Orders Page ÔÇ║ debe mostrar fecha de la orden

    TestingLibraryElementError: Found multiple elements with the text: /fecha|date|diciembre|2025/i

    Here are the matching elements:

    Ignored nodes: comments, script, style
    [36m<p>[39m
      [0mFecha: 7 de diciembre 2025[0m
    [36m</p>[39m

    Ignored nodes: comments, script, style
    [36m<p>[39m
      [0mFecha: 5 de diciembre 2025[0m
    [36m</p>[39m

    (If this is intentional, then use the `*AllBy*` variant of the query (like `queryAllByText`, `getAllByText`, or 
`findAllByText`)).

    Ignored nodes: comments, script, style
    [36m<body>[39m
      [36m<div>[39m
        [36m<div>[39m
          [36m<h1>[39m
            [0mMis ├│rdenes[0m
          [36m</h1>[39m
          [36m<article>[39m
            [36m<p>[39m
              [0mOrden #001[0m
            [36m</p>[39m
            [36m<p>[39m
              [0mFecha: 7 de diciembre 2025[0m
            [36m</p>[39m
            [36m<p>[39m
              [0mEstado: Entregado[0m
            [36m</p>[39m
            [36m<p>[39m
              [0mTotal: S/. 1500.00[0m
            [36m</p>[39m
            [36m<a[39m
              [33mhref[39m=[32m"/orden/1"[39m
            [36m>[39m
              [0mVer detalles[0m
            [36m</a>[39m
          [36m</article>[39m
          [36m<article>[39m
            [36m<p>[39m
              [0mOrden #002[0m
            [36m</p>[39m
            [36m<p>[39m
              [0mFecha: 5 de diciembre 2025[0m
            [36m</p>[39m
            [36m<p>[39m
              [0mEstado: Procesando[0m
            [36m</p>[39m
            [36m<p>[39m
              [0mTotal: S/. 800.00[0m
            [36m</p>[39m
            [36m<a[39m
              [33mhref[39m=[32m"/orden/2"[39m
            [36m>[39m
              [0mVer detalles[0m
            [36m</a>[39m
          [36m</article>[39m
          [36m<select>[39m
            [36m<option>[39m
              [0mTodos[0m
            [36m</option>[39m
            [36m<option>[39m
              [0mPendiente[0m
            [36m</option>[39m
            [36m<option>[39m
              [0mEntregado[0m
            [36m</option>[39m
          [36m</select>[39m
        [36m</div>[39m
      [36m</div>[39m
    [36m</body>[39m

    [0m [90m 45 |[39m   it([32m'debe mostrar fecha de la orden'[39m[33m,[39m () [33m=>[39m {
     [90m 46 |[39m     render([33m<[39m[33mMockOrders[39m [33m/[39m[33m>[39m)[33m;[39m
    [31m[1m>[22m[39m[90m 47 |[39m     
expect(screen[33m.[39mgetByText([35m/fecha|date|diciembre|2025/i[39m))[33m.[39mtoBeInTheDocument()[33m;[39m
     [90m    |[39m                   [31m[1m^[22m[39m
     [90m 48 |[39m   })[33m;[39m
     [90m 49 |[39m
     [90m 50 |[39m   it([32m'debe mostrar estado de la orden'[39m[33m,[39m () [33m=>[39m {[0m

      at Object.getElementError (node_modules/@testing-library/dom/dist/config.js:37:19)
      at getElementError (node_modules/@testing-library/dom/dist/query-helpers.js:20:35)
      at getMultipleElementsFoundError (node_modules/@testing-library/dom/dist/query-helpers.js:23:10)
      at node_modules/@testing-library/dom/dist/query-helpers.js:55:13
      at node_modules/@testing-library/dom/dist/query-helpers.js:95:19
      at Object.getByText (src/__tests__/pages/Orders.test.js:47:19)

  ÔùÅ Orders Page ÔÇ║ debe mostrar estado de la orden

    TestingLibraryElementError: Found multiple elements with the text: /estado|status|entregado|procesando/i

    Here are the matching elements:

    Ignored nodes: comments, script, style
    [36m<p>[39m
      [0mEstado: Entregado[0m
    [36m</p>[39m

    Ignored nodes: comments, script, style
    [36m<p>[39m
      [0mEstado: Procesando[0m
    [36m</p>[39m

    Ignored nodes: comments, script, style
    [36m<option>[39m
      [0mEntregado[0m
    [36m</option>[39m

    (If this is intentional, then use the `*AllBy*` variant of the query (like `queryAllByText`, `getAllByText`, or 
`findAllByText`)).

    Ignored nodes: comments, script, style
    [36m<body>[39m
      [36m<div>[39m
        [36m<div>[39m
          [36m<h1>[39m
            [0mMis ├│rdenes[0m
          [36m</h1>[39m
          [36m<article>[39m
            [36m<p>[39m
              [0mOrden #001[0m
            [36m</p>[39m
            [36m<p>[39m
              [0mFecha: 7 de diciembre 2025[0m
            [36m</p>[39m
            [36m<p>[39m
              [0mEstado: Entregado[0m
            [36m</p>[39m
            [36m<p>[39m
              [0mTotal: S/. 1500.00[0m
            [36m</p>[39m
            [36m<a[39m
              [33mhref[39m=[32m"/orden/1"[39m
            [36m>[39m
              [0mVer detalles[0m
            [36m</a>[39m
          [36m</article>[39m
          [36m<article>[39m
            [36m<p>[39m
              [0mOrden #002[0m
            [36m</p>[39m
            [36m<p>[39m
              [0mFecha: 5 de diciembre 2025[0m
            [36m</p>[39m
            [36m<p>[39m
              [0mEstado: Procesando[0m
            [36m</p>[39m
            [36m<p>[39m
              [0mTotal: S/. 800.00[0m
            [36m</p>[39m
            [36m<a[39m
              [33mhref[39m=[32m"/orden/2"[39m
            [36m>[39m
              [0mVer detalles[0m
            [36m</a>[39m
          [36m</article>[39m
          [36m<select>[39m
            [36m<option>[39m
              [0mTodos[0m
            [36m</option>[39m
            [36m<option>[39m
              [0mPendiente[0m
            [36m</option>[39m
            [36m<option>[39m
              [0mEntregado[0m
            [36m</option>[39m
          [36m</select>[39m
        [36m</div>[39m
      [36m</div>[39m
    [36m</body>[39m

    [0m [90m 50 |[39m   it([32m'debe mostrar estado de la orden'[39m[33m,[39m () [33m=>[39m {
     [90m 51 |[39m     render([33m<[39m[33mMockOrders[39m [33m/[39m[33m>[39m)[33m;[39m
    [31m[1m>[22m[39m[90m 52 |[39m     expect(screen[33m.[39mgetByText([35m/estado|status|entregado|procesando/i[
39m))[33m.[39mtoBeInTheDocument()[33m;[39m
     [90m    |[39m                   [31m[1m^[22m[39m
     [90m 53 |[39m   })[33m;[39m
     [90m 54 |[39m
     [90m 55 |[39m   it([32m'debe mostrar monto total'[39m[33m,[39m () [33m=>[39m {[0m

      at Object.getElementError (node_modules/@testing-library/dom/dist/config.js:37:19)
      at getElementError (node_modules/@testing-library/dom/dist/query-helpers.js:20:35)
      at getMultipleElementsFoundError (node_modules/@testing-library/dom/dist/query-helpers.js:23:10)
      at node_modules/@testing-library/dom/dist/query-helpers.js:55:13
      at node_modules/@testing-library/dom/dist/query-helpers.js:95:19
      at Object.getByText (src/__tests__/pages/Orders.test.js:52:19)

  ÔùÅ Orders Page ÔÇ║ debe mostrar monto total

    TestingLibraryElementError: Found multiple elements with the text: /s\/.|\d+\.\d{2}/i

    Here are the matching elements:

    Ignored nodes: comments, script, style
    [36m<p>[39m
      [0mTotal: S/. 1500.00[0m
    [36m</p>[39m

    Ignored nodes: comments, script, style
    [36m<p>[39m
      [0mTotal: S/. 800.00[0m
    [36m</p>[39m

    (If this is intentional, then use the `*AllBy*` variant of the query (like `queryAllByText`, `getAllByText`, or 
`findAllByText`)).

    Ignored nodes: comments, script, style
    [36m<body>[39m
      [36m<div>[39m
        [36m<div>[39m
          [36m<h1>[39m
            [0mMis ├│rdenes[0m
          [36m</h1>[39m
          [36m<article>[39m
            [36m<p>[39m
              [0mOrden #001[0m
            [36m</p>[39m
            [36m<p>[39m
              [0mFecha: 7 de diciembre 2025[0m
            [36m</p>[39m
            [36m<p>[39m
              [0mEstado: Entregado[0m
            [36m</p>[39m
            [36m<p>[39m
              [0mTotal: S/. 1500.00[0m
            [36m</p>[39m
            [36m<a[39m
              [33mhref[39m=[32m"/orden/1"[39m
            [36m>[39m
              [0mVer detalles[0m
            [36m</a>[39m
          [36m</article>[39m
          [36m<article>[39m
            [36m<p>[39m
              [0mOrden #002[0m
            [36m</p>[39m
            [36m<p>[39m
              [0mFecha: 5 de diciembre 2025[0m
            [36m</p>[39m
            [36m<p>[39m
              [0mEstado: Procesando[0m
            [36m</p>[39m
            [36m<p>[39m
              [0mTotal: S/. 800.00[0m
            [36m</p>[39m
            [36m<a[39m
              [33mhref[39m=[32m"/orden/2"[39m
            [36m>[39m
              [0mVer detalles[0m
            [36m</a>[39m
          [36m</article>[39m
          [36m<select>[39m
            [36m<option>[39m
              [0mTodos[0m
            [36m</option>[39m
            [36m<option>[39m
              [0mPendiente[0m
            [36m</option>[39m
            [36m<option>[39m
              [0mEntregado[0m
            [36m</option>[39m
          [36m</select>[39m
        [36m</div>[39m
      [36m</div>[39m
    [36m</body>[39m

    [0m [90m 55 |[39m   it([32m'debe mostrar monto total'[39m[33m,[39m () [33m=>[39m {
     [90m 56 |[39m     render([33m<[39m[33mMockOrders[39m [33m/[39m[33m>[39m)[33m;[39m
    [31m[1m>[22m[39m[90m 57 |[39m     
expect(screen[33m.[39mgetByText([35m/s\/.|\d+\.\d{2}/i[39m))[33m.[39mtoBeInTheDocument()[33m;[39m
     [90m    |[39m                   [31m[1m^[22m[39m
     [90m 58 |[39m   })[33m;[39m
     [90m 59 |[39m
     [90m 60 |[39m   it([32m'debe tener enlace para ver detalles'[39m[33m,[39m () [33m=>[39m {[0m

      at Object.getElementError (node_modules/@testing-library/dom/dist/config.js:37:19)
      at getElementError (node_modules/@testing-library/dom/dist/query-helpers.js:20:35)
      at getMultipleElementsFoundError (node_modules/@testing-library/dom/dist/query-helpers.js:23:10)
      at node_modules/@testing-library/dom/dist/query-helpers.js:55:13
      at node_modules/@testing-library/dom/dist/query-helpers.js:95:19
      at Object.getByText (src/__tests__/pages/Orders.test.js:57:19)

FAIL src/__tests__/pages/Profile.test.js
  ÔùÅ Profile Page ÔÇ║ debe mostrar datos del usuario

    TestingLibraryElementError: Found multiple elements with the text: /nombre|email/i

    Here are the matching elements:

    Ignored nodes: comments, script, style
    [36m<p>[39m
      [0mNombre: Juan P├®rez[0m
    [36m</p>[39m

    Ignored nodes: comments, script, style
    [36m<p>[39m
      [0mEmail: juan@ejemplo.com[0m
    [36m</p>[39m

    (If this is intentional, then use the `*AllBy*` variant of the query (like `queryAllByText`, `getAllByText`, or 
`findAllByText`)).

    Ignored nodes: comments, script, style
    [36m<body>[39m
      [36m<div>[39m
        [36m<div>[39m
          [36m<h1>[39m
            [0mMi Perfil[0m
          [36m</h1>[39m
          [36m<section>[39m
            [36m<h2>[39m
              [0mInformaci├│n del usuario[0m
            [36m</h2>[39m
            [36m<p>[39m
              [0mNombre: Juan P├®rez[0m
            [36m</p>[39m
            [36m<p>[39m
              [0mEmail: juan@ejemplo.com[0m
            [36m</p>[39m
            [36m<button>[39m
              [0mEditar[0m
            [36m</button>[39m
          [36m</section>[39m
          [36m<section>[39m
            [36m<h2>[39m
              [0mMis ├│rdenes[0m
            [36m</h2>[39m
            [36m<p>[39m
              [0mPedidos realizados[0m
            [36m</p>[39m
          [36m</section>[39m
          [36m<section>[39m
            [36m<h2>[39m
              [0mDirecci├│n de env├¡o[0m
            [36m</h2>[39m
            [36m<p>[39m
              [0mAv. Principal 123, Lima[0m
            [36m</p>[39m
          [36m</section>[39m
          [36m<section>[39m
            [36m<h2>[39m
              [0mM├®todos de pago[0m
            [36m</h2>[39m
            [36m<p>[39m
              [0mTarjeta **** 1234[0m
            [36m</p>[39m
          [36m</section>[39m
          [36m<section>[39m
            [36m<h2>[39m
              [0mSeguridad[0m
            [36m</h2>[39m
            [36m<p>[39m
              [0mContrase├▒a[0m
            [36m</p>[39m
          [36m</section>[39m
          [36m<button>[39m
            [0mCerrar sesi├│n[0m
          [36m</button>[39m
        [36m</div>[39m
      [36m</div>[39m
    [36m</body>[39m

    [0m [90m 38 |[39m   it([32m'debe mostrar datos del usuario'[39m[33m,[39m () [33m=>[39m {
     [90m 39 |[39m     render([33m<[39m[33mMockProfile[39m [33m/[39m[33m>[39m)[33m;[39m
    [31m[1m>[22m[39m[90m 40 |[39m     
expect(screen[33m.[39mgetByText([35m/nombre|email/i[39m))[33m.[39mtoBeInTheDocument()[33m;[39m
     [90m    |[39m                   [31m[1m^[22m[39m
     [90m 41 |[39m   })[33m;[39m
     [90m 42 |[39m
     [90m 43 |[39m   it([32m'debe tener bot├│n para editar perfil'[39m[33m,[39m () [33m=>[39m {[0m

      at Object.getElementError (node_modules/@testing-library/dom/dist/config.js:37:19)
      at getElementError (node_modules/@testing-library/dom/dist/query-helpers.js:20:35)
      at getMultipleElementsFoundError (node_modules/@testing-library/dom/dist/query-helpers.js:23:10)
      at node_modules/@testing-library/dom/dist/query-helpers.js:55:13
      at node_modules/@testing-library/dom/dist/query-helpers.js:95:19
      at Object.getByText (src/__tests__/pages/Profile.test.js:40:19)

  ÔùÅ Profile Page ÔÇ║ debe mostrar historial de ├│rdenes

    TestingLibraryElementError: Found multiple elements with the text: /├│rdenes|pedidos/i

    Here are the matching elements:

    Ignored nodes: comments, script, style
    [36m<h2>[39m
      [0mMis ├│rdenes[0m
    [36m</h2>[39m

    Ignored nodes: comments, script, style
    [36m<p>[39m
      [0mPedidos realizados[0m
    [36m</p>[39m

    (If this is intentional, then use the `*AllBy*` variant of the query (like `queryAllByText`, `getAllByText`, or 
`findAllByText`)).

    Ignored nodes: comments, script, style
    [36m<body>[39m
      [36m<div>[39m
        [36m<div>[39m
          [36m<h1>[39m
            [0mMi Perfil[0m
          [36m</h1>[39m
          [36m<section>[39m
            [36m<h2>[39m
              [0mInformaci├│n del usuario[0m
            [36m</h2>[39m
            [36m<p>[39m
              [0mNombre: Juan P├®rez[0m
            [36m</p>[39m
            [36m<p>[39m
              [0mEmail: juan@ejemplo.com[0m
            [36m</p>[39m
            [36m<button>[39m
              [0mEditar[0m
            [36m</button>[39m
          [36m</section>[39m
          [36m<section>[39m
            [36m<h2>[39m
              [0mMis ├│rdenes[0m
            [36m</h2>[39m
            [36m<p>[39m
              [0mPedidos realizados[0m
            [36m</p>[39m
          [36m</section>[39m
          [36m<section>[39m
            [36m<h2>[39m
              [0mDirecci├│n de env├¡o[0m
            [36m</h2>[39m
            [36m<p>[39m
              [0mAv. Principal 123, Lima[0m
            [36m</p>[39m
          [36m</section>[39m
          [36m<section>[39m
            [36m<h2>[39m
              [0mM├®todos de pago[0m
            [36m</h2>[39m
            [36m<p>[39m
              [0mTarjeta **** 1234[0m
            [36m</p>[39m
          [36m</section>[39m
          [36m<section>[39m
            [36m<h2>[39m
              [0mSeguridad[0m
            [36m</h2>[39m
            [36m<p>[39m
              [0mContrase├▒a[0m
            [36m</p>[39m
          [36m</section>[39m
          [36m<button>[39m
            [0mCerrar sesi├│n[0m
          [36m</button>[39m
        [36m</div>[39m
      [36m</div>[39m
    [36m</body>[39m

    [0m [90m 48 |[39m   it([32m'debe mostrar historial de ├│rdenes'[39m[33m,[39m () [33m=>[39m {
     [90m 49 |[39m     render([33m<[39m[33mMockProfile[39m [33m/[39m[33m>[39m)[33m;[39m
    [31m[1m>[22m[39m[90m 50 |[39m     
expect(screen[33m.[39mgetByText([35m/├│rdenes|pedidos/i[39m))[33m.[39mtoBeInTheDocument()[33m;[39m
     [90m    |[39m                   [31m[1m^[22m[39m
     [90m 51 |[39m   })[33m;[39m
     [90m 52 |[39m
     [90m 53 |[39m   it([32m'debe mostrar direcci├│n guardada'[39m[33m,[39m () [33m=>[39m {[0m

      at Object.getElementError (node_modules/@testing-library/dom/dist/config.js:37:19)
      at getElementError (node_modules/@testing-library/dom/dist/query-helpers.js:20:35)
      at getMultipleElementsFoundError (node_modules/@testing-library/dom/dist/query-helpers.js:23:10)
      at node_modules/@testing-library/dom/dist/query-helpers.js:55:13
      at node_modules/@testing-library/dom/dist/query-helpers.js:95:19
      at Object.getByText (src/__tests__/pages/Profile.test.js:50:19)

  ÔùÅ Profile Page ÔÇ║ debe mostrar m├®todos de pago guardados

    TestingLibraryElementError: Found multiple elements with the text: /pago|tarjeta|payment/i

    Here are the matching elements:

    Ignored nodes: comments, script, style
    [36m<h2>[39m
      [0mM├®todos de pago[0m
    [36m</h2>[39m

    Ignored nodes: comments, script, style
    [36m<p>[39m
      [0mTarjeta **** 1234[0m
    [36m</p>[39m

    (If this is intentional, then use the `*AllBy*` variant of the query (like `queryAllByText`, `getAllByText`, or 
`findAllByText`)).

    Ignored nodes: comments, script, style
    [36m<body>[39m
      [36m<div>[39m
        [36m<div>[39m
          [36m<h1>[39m
            [0mMi Perfil[0m
          [36m</h1>[39m
          [36m<section>[39m
            [36m<h2>[39m
              [0mInformaci├│n del usuario[0m
            [36m</h2>[39m
            [36m<p>[39m
              [0mNombre: Juan P├®rez[0m
            [36m</p>[39m
            [36m<p>[39m
              [0mEmail: juan@ejemplo.com[0m
            [36m</p>[39m
            [36m<button>[39m
              [0mEditar[0m
            [36m</button>[39m
          [36m</section>[39m
          [36m<section>[39m
            [36m<h2>[39m
              [0mMis ├│rdenes[0m
            [36m</h2>[39m
            [36m<p>[39m
              [0mPedidos realizados[0m
            [36m</p>[39m
          [36m</section>[39m
          [36m<section>[39m
            [36m<h2>[39m
              [0mDirecci├│n de env├¡o[0m
            [36m</h2>[39m
            [36m<p>[39m
              [0mAv. Principal 123, Lima[0m
            [36m</p>[39m
          [36m</section>[39m
          [36m<section>[39m
            [36m<h2>[39m
              [0mM├®todos de pago[0m
            [36m</h2>[39m
            [36m<p>[39m
              [0mTarjeta **** 1234[0m
            [36m</p>[39m
          [36m</section>[39m
          [36m<section>[39m
            [36m<h2>[39m
              [0mSeguridad[0m
            [36m</h2>[39m
            [36m<p>[39m
              [0mContrase├▒a[0m
            [36m</p>[39m
          [36m</section>[39m
          [36m<button>[39m
            [0mCerrar sesi├│n[0m
          [36m</button>[39m
        [36m</div>[39m
      [36m</div>[39m
    [36m</body>[39m

    [0m [90m 58 |[39m   it([32m'debe mostrar m├®todos de pago guardados'[39m[33m,[39m () [33m=>[39m {
     [90m 59 |[39m     render([33m<[39m[33mMockProfile[39m [33m/[39m[33m>[39m)[33m;[39m
    [31m[1m>[22m[39m[90m 60 |[39m     
expect(screen[33m.[39mgetByText([35m/pago|tarjeta|payment/i[39m))[33m.[39mtoBeInTheDocument()[33m;[39m
     [90m    |[39m                   [31m[1m^[22m[39m
     [90m 61 |[39m   })[33m;[39m
     [90m 62 |[39m
     [90m 63 |[39m   it([32m'debe tener secci├│n de seguridad'[39m[33m,[39m () [33m=>[39m {[0m

      at Object.getElementError (node_modules/@testing-library/dom/dist/config.js:37:19)
      at getElementError (node_modules/@testing-library/dom/dist/query-helpers.js:20:35)
      at getMultipleElementsFoundError (node_modules/@testing-library/dom/dist/query-helpers.js:23:10)
      at node_modules/@testing-library/dom/dist/query-helpers.js:55:13
      at node_modules/@testing-library/dom/dist/query-helpers.js:95:19
      at Object.getByText (src/__tests__/pages/Profile.test.js:60:19)

  ÔùÅ Profile Page ÔÇ║ debe tener secci├│n de seguridad

    TestingLibraryElementError: Found multiple elements with the text: /seguridad|contrase├▒a/i

    Here are the matching elements:

    Ignored nodes: comments, script, style
    [36m<h2>[39m
      [0mSeguridad[0m
    [36m</h2>[39m

    Ignored nodes: comments, script, style
    [36m<p>[39m
      [0mContrase├▒a[0m
    [36m</p>[39m

    (If this is intentional, then use the `*AllBy*` variant of the query (like `queryAllByText`, `getAllByText`, or 
`findAllByText`)).

    Ignored nodes: comments, script, style
    [36m<body>[39m
      [36m<div>[39m
        [36m<div>[39m
          [36m<h1>[39m
            [0mMi Perfil[0m
          [36m</h1>[39m
          [36m<section>[39m
            [36m<h2>[39m
              [0mInformaci├│n del usuario[0m
            [36m</h2>[39m
            [36m<p>[39m
              [0mNombre: Juan P├®rez[0m
            [36m</p>[39m
            [36m<p>[39m
              [0mEmail: juan@ejemplo.com[0m
            [36m</p>[39m
            [36m<button>[39m
              [0mEditar[0m
            [36m</button>[39m
          [36m</section>[39m
          [36m<section>[39m
            [36m<h2>[39m
              [0mMis ├│rdenes[0m
            [36m</h2>[39m
            [36m<p>[39m
              [0mPedidos realizados[0m
            [36m</p>[39m
          [36m</section>[39m
          [36m<section>[39m
            [36m<h2>[39m
              [0mDirecci├│n de env├¡o[0m
            [36m</h2>[39m
            [36m<p>[39m
              [0mAv. Principal 123, Lima[0m
            [36m</p>[39m
          [36m</section>[39m
          [36m<section>[39m
            [36m<h2>[39m
              [0mM├®todos de pago[0m
            [36m</h2>[39m
            [36m<p>[39m
              [0mTarjeta **** 1234[0m
            [36m</p>[39m
          [36m</section>[39m
          [36m<section>[39m
            [36m<h2>[39m
              [0mSeguridad[0m
            [36m</h2>[39m
            [36m<p>[39m
              [0mContrase├▒a[0m
            [36m</p>[39m
          [36m</section>[39m
          [36m<button>[39m
            [0mCerrar sesi├│n[0m
          [36m</button>[39m
        [36m</div>[39m
      [36m</div>[39m
    [36m</body>[39m

    [0m [90m 63 |[39m   it([32m'debe tener secci├│n de seguridad'[39m[33m,[39m () [33m=>[39m {
     [90m 64 |[39m     render([33m<[39m[33mMockProfile[39m [33m/[39m[33m>[39m)[33m;[39m
    [31m[1m>[22m[39m[90m 65 |[39m     
expect(screen[33m.[39mgetByText([35m/seguridad|contrase├▒a/i[39m))[33m.[39mtoBeInTheDocument()[33m;[39m
     [90m    |[39m                   [31m[1m^[22m[39m
     [90m 66 |[39m   })[33m;[39m
     [90m 67 |[39m
     [90m 68 |[39m   it([32m'debe tener opci├│n de logout'[39m[33m,[39m () [33m=>[39m {[0m

      at Object.getElementError (node_modules/@testing-library/dom/dist/config.js:37:19)
      at getElementError (node_modules/@testing-library/dom/dist/query-helpers.js:20:35)
      at getMultipleElementsFoundError (node_modules/@testing-library/dom/dist/query-helpers.js:23:10)
      at node_modules/@testing-library/dom/dist/query-helpers.js:55:13
      at node_modules/@testing-library/dom/dist/query-helpers.js:95:19
      at Object.getByText (src/__tests__/pages/Profile.test.js:65:19)

FAIL src/__tests__/pages/Cart.test.js
  ÔùÅ Cart Page ÔÇ║ debe renderizar la p├ígina del carrito

    TestingLibraryElementError: Found multiple elements with the text: /carrito/i

    Here are the matching elements:

    Ignored nodes: comments, script, style
    [36m<h1>[39m
      [0mCarrito[0m
    [36m</h1>[39m

    Ignored nodes: comments, script, style
    [36m<div>[39m
      [0mCarrito vac├¡o - No hay productos[0m
    [36m</div>[39m

    (If this is intentional, then use the `*AllBy*` variant of the query (like `queryAllByText`, `getAllByText`, or 
`findAllByText`)).

    Ignored nodes: comments, script, style
    [36m<body>[39m
      [36m<div>[39m
        [36m<div>[39m
          [36m<h1>[39m
            [0mCarrito[0m
          [36m</h1>[39m
          [36m<div>[39m
            [0mCarrito vac├¡o - No hay productos[0m
          [36m</div>[39m
          [36m<table>[39m
            [36m<thead>[39m
              [36m<tr>[39m
                [36m<th>[39m
                  [0mProducto[0m
                [36m</th>[39m
                [36m<th>[39m
                  [0mPrecio[0m
                [36m</th>[39m
              [36m</tr>[39m
            [36m</thead>[39m
          [36m</table>[39m
          [36m<div>[39m
            [0mTotal: S/. 0.00[0m
          [36m</div>[39m
          [36m<button>[39m
            [0mContinuar comprando[0m
          [36m</button>[39m
          [36m<button>[39m
            [0mProceder al checkout[0m
          [36m</button>[39m
        [36m</div>[39m
      [36m</div>[39m
    [36m</body>[39m

    [0m [90m 20 |[39m   it([32m'debe renderizar la p├ígina del carrito'[39m[33m,[39m () [33m=>[39m {
     [90m 21 |[39m     render([33m<[39m[33mMockCart[39m [33m/[39m[33m>[39m)[33m;[39m
    [31m[1m>[22m[39m[90m 22 |[39m     
expect(screen[33m.[39mgetByText([35m/carrito/i[39m))[33m.[39mtoBeInTheDocument()[33m;[39m
     [90m    |[39m                   [31m[1m^[22m[39m
     [90m 23 |[39m   })[33m;[39m
     [90m 24 |[39m
     [90m 25 |[39m   it([32m'debe mostrar mensaje cuando est├í vac├¡o'[39m[33m,[39m () [33m=>[39m {[0m

      at Object.getElementError (node_modules/@testing-library/dom/dist/config.js:37:19)
      at getElementError (node_modules/@testing-library/dom/dist/query-helpers.js:20:35)
      at getMultipleElementsFoundError (node_modules/@testing-library/dom/dist/query-helpers.js:23:10)
      at node_modules/@testing-library/dom/dist/query-helpers.js:55:13
      at node_modules/@testing-library/dom/dist/query-helpers.js:95:19
      at Object.getByText (src/__tests__/pages/Cart.test.js:22:19)

FAIL src/__tests__/components/ShippingAddresses.test.js
  ÔùÅ Console

    console.error
      <mockShippingAddresses /> is using incorrect casing. Use PascalCase for React components, or lowercase for HTML 
elements.

    [0m [90m 37 |[39m
     [90m 38 |[39m   it([32m'debe renderizar la lista de direcciones'[39m[33m,[39m () [33m=>[39m {
    [31m[1m>[22m[39m[90m 39 |[39m     render([33m<[39m[33mmockShippingAddresses[39m 
[33m/[39m[33m>[39m)[33m;[39m
     [90m    |[39m           [31m[1m^[22m[39m
     [90m 40 |[39m     expect(screen[33m.[39mgetByText([35m/av. principal 
123/i[39m))[33m.[39mtoBeInTheDocument()[33m;[39m
     [90m 41 |[39m     expect(screen[33m.[39mgetByText([35m/av. secundaria 
456/i[39m))[33m.[39mtoBeInTheDocument()[33m;[39m
     [90m 42 |[39m   })[33m;[39m[0m

      at completeWork (node_modules/react-dom/cjs/react-dom-client.development.js:12613:37)
      at runWithFiberInDEV (node_modules/react-dom/cjs/react-dom-client.development.js:874:13)
      at completeUnitOfWork (node_modules/react-dom/cjs/react-dom-client.development.js:17777:19)
      at performUnitOfWork (node_modules/react-dom/cjs/react-dom-client.development.js:17658:11)
      at workLoopSync (node_modules/react-dom/cjs/react-dom-client.development.js:17469:41)
      at renderRootSync (node_modules/react-dom/cjs/react-dom-client.development.js:17450:11)
      at performWorkOnRoot (node_modules/react-dom/cjs/react-dom-client.development.js:16504:11)
      at performWorkOnRootViaSchedulerTask (node_modules/react-dom/cjs/react-dom-client.development.js:18957:7)
      at flushActQueue (node_modules/react/cjs/react.development.js:590:34)
      at process.env.NODE_ENV.exports.act (node_modules/react/cjs/react.development.js:884:10)
      at node_modules/@testing-library/react/dist/act-compat.js:47:25
      at renderRoot (node_modules/@testing-library/react/dist/pure.js:190:26)
      at render (node_modules/@testing-library/react/dist/pure.js:292:10)
      at Object.<anonymous> (src/__tests__/components/ShippingAddresses.test.js:39:11)

    console.error
      The tag <mockShippingAddresses> is unrecognized in this browser. If you meant to render a React component, start 
its name with an uppercase letter.

    [0m [90m 37 |[39m
     [90m 38 |[39m   it([32m'debe renderizar la lista de direcciones'[39m[33m,[39m () [33m=>[39m {
    [31m[1m>[22m[39m[90m 39 |[39m     render([33m<[39m[33mmockShippingAddresses[39m 
[33m/[39m[33m>[39m)[33m;[39m
     [90m    |[39m           [31m[1m^[22m[39m
     [90m 40 |[39m     expect(screen[33m.[39mgetByText([35m/av. principal 
123/i[39m))[33m.[39mtoBeInTheDocument()[33m;[39m
     [90m 41 |[39m     expect(screen[33m.[39mgetByText([35m/av. secundaria 
456/i[39m))[33m.[39mtoBeInTheDocument()[33m;[39m
     [90m 42 |[39m   })[33m;[39m[0m

      at completeWork (node_modules/react-dom/cjs/react-dom-client.development.js:12621:37)
      at runWithFiberInDEV (node_modules/react-dom/cjs/react-dom-client.development.js:874:13)
      at completeUnitOfWork (node_modules/react-dom/cjs/react-dom-client.development.js:17777:19)
      at performUnitOfWork (node_modules/react-dom/cjs/react-dom-client.development.js:17658:11)
      at workLoopSync (node_modules/react-dom/cjs/react-dom-client.development.js:17469:41)
      at renderRootSync (node_modules/react-dom/cjs/react-dom-client.development.js:17450:11)
      at performWorkOnRoot (node_modules/react-dom/cjs/react-dom-client.development.js:16504:11)
      at performWorkOnRootViaSchedulerTask (node_modules/react-dom/cjs/react-dom-client.development.js:18957:7)
      at flushActQueue (node_modules/react/cjs/react.development.js:590:34)
      at process.env.NODE_ENV.exports.act (node_modules/react/cjs/react.development.js:884:10)
      at node_modules/@testing-library/react/dist/act-compat.js:47:25
      at renderRoot (node_modules/@testing-library/react/dist/pure.js:190:26)
      at render (node_modules/@testing-library/react/dist/pure.js:292:10)
      at Object.<anonymous> (src/__tests__/components/ShippingAddresses.test.js:39:11)

    console.error
      <mockShippingAddresses /> is using incorrect casing. Use PascalCase for React components, or lowercase for HTML 
elements.

    [0m [90m 43 |[39m
     [90m 44 |[39m   it([32m'debe marcar la direcci├│n por defecto'[39m[33m,[39m () [33m=>[39m {
    [31m[1m>[22m[39m[90m 45 |[39m     render([33m<[39m[33mmockShippingAddresses[39m 
[33m/[39m[33m>[39m)[33m;[39m
     [90m    |[39m           [31m[1m^[22m[39m
     [90m 46 |[39m     expect(screen[33m.[39mgetByText([35m/por 
defecto|default/i[39m))[33m.[39mtoBeInTheDocument()[33m;[39m
     [90m 47 |[39m   })[33m;[39m
     [90m 48 |[39m[0m

      at completeWork (node_modules/react-dom/cjs/react-dom-client.development.js:12613:37)
      at runWithFiberInDEV (node_modules/react-dom/cjs/react-dom-client.development.js:874:13)
      at completeUnitOfWork (node_modules/react-dom/cjs/react-dom-client.development.js:17777:19)
      at performUnitOfWork (node_modules/react-dom/cjs/react-dom-client.development.js:17658:11)
      at workLoopSync (node_modules/react-dom/cjs/react-dom-client.development.js:17469:41)
      at renderRootSync (node_modules/react-dom/cjs/react-dom-client.development.js:17450:11)
      at performWorkOnRoot (node_modules/react-dom/cjs/react-dom-client.development.js:16504:11)
      at performWorkOnRootViaSchedulerTask (node_modules/react-dom/cjs/react-dom-client.development.js:18957:7)
      at flushActQueue (node_modules/react/cjs/react.development.js:590:34)
      at process.env.NODE_ENV.exports.act (node_modules/react/cjs/react.development.js:884:10)
      at node_modules/@testing-library/react/dist/act-compat.js:47:25
      at renderRoot (node_modules/@testing-library/react/dist/pure.js:190:26)
      at render (node_modules/@testing-library/react/dist/pure.js:292:10)
      at Object.<anonymous> (src/__tests__/components/ShippingAddresses.test.js:45:11)

    console.error
      <mockShippingAddresses /> is using incorrect casing. Use PascalCase for React components, or lowercase for HTML 
elements.

    [0m [90m 48 |[39m
     [90m 49 |[39m   it([32m'debe mostrar city y state'[39m[33m,[39m () [33m=>[39m {
    [31m[1m>[22m[39m[90m 50 |[39m     render([33m<[39m[33mmockShippingAddresses[39m 
[33m/[39m[33m>[39m)[33m;[39m
     [90m    |[39m           [31m[1m^[22m[39m
     [90m 51 |[39m     
expect(screen[33m.[39mgetByText([35m/lima|arequipa/i[39m))[33m.[39mtoBeInTheDocument()[33m;[39m
     [90m 52 |[39m   })[33m;[39m
     [90m 53 |[39m[0m

      at completeWork (node_modules/react-dom/cjs/react-dom-client.development.js:12613:37)
      at runWithFiberInDEV (node_modules/react-dom/cjs/react-dom-client.development.js:874:13)
      at completeUnitOfWork (node_modules/react-dom/cjs/react-dom-client.development.js:17777:19)
      at performUnitOfWork (node_modules/react-dom/cjs/react-dom-client.development.js:17658:11)
      at workLoopSync (node_modules/react-dom/cjs/react-dom-client.development.js:17469:41)
      at renderRootSync (node_modules/react-dom/cjs/react-dom-client.development.js:17450:11)
      at performWorkOnRoot (node_modules/react-dom/cjs/react-dom-client.development.js:16504:11)
      at performWorkOnRootViaSchedulerTask (node_modules/react-dom/cjs/react-dom-client.development.js:18957:7)
      at flushActQueue (node_modules/react/cjs/react.development.js:590:34)
      at process.env.NODE_ENV.exports.act (node_modules/react/cjs/react.development.js:884:10)
      at node_modules/@testing-library/react/dist/act-compat.js:47:25
      at renderRoot (node_modules/@testing-library/react/dist/pure.js:190:26)
      at render (node_modules/@testing-library/react/dist/pure.js:292:10)
      at Object.<anonymous> (src/__tests__/components/ShippingAddresses.test.js:50:11)

    console.error
      <mockShippingAddresses /> is using incorrect casing. Use PascalCase for React components, or lowercase for HTML 
elements.

    [0m [90m 53 |[39m
     [90m 54 |[39m   it([32m'debe tener bot├│n seleccionar para cada direcci├│n'[39m[33m,[39m () [33m=>[39m {
    [31m[1m>[22m[39m[90m 55 |[39m     render([33m<[39m[33mmockShippingAddresses[39m 
[33m/[39m[33m>[39m)[33m;[39m
     [90m    |[39m           [31m[1m^[22m[39m
     [90m 56 |[39m     [36mconst[39m buttons [33m=[39m screen[33m.[39mgetAllByRole([32m'button'[39m[33m,[39m 
{ name[33m:[39m [35m/seleccionar/i[39m })[33m;[39m
     [90m 57 |[39m     expect(buttons[33m.[39mlength)[33m.[39mtoBeGreaterThan([35m0[39m)[33m;[39m
     [90m 58 |[39m   })[33m;[39m[0m

      at completeWork (node_modules/react-dom/cjs/react-dom-client.development.js:12613:37)
      at runWithFiberInDEV (node_modules/react-dom/cjs/react-dom-client.development.js:874:13)
      at completeUnitOfWork (node_modules/react-dom/cjs/react-dom-client.development.js:17777:19)
      at performUnitOfWork (node_modules/react-dom/cjs/react-dom-client.development.js:17658:11)
      at workLoopSync (node_modules/react-dom/cjs/react-dom-client.development.js:17469:41)
      at renderRootSync (node_modules/react-dom/cjs/react-dom-client.development.js:17450:11)
      at performWorkOnRoot (node_modules/react-dom/cjs/react-dom-client.development.js:16504:11)
      at performWorkOnRootViaSchedulerTask (node_modules/react-dom/cjs/react-dom-client.development.js:18957:7)
      at flushActQueue (node_modules/react/cjs/react.development.js:590:34)
      at process.env.NODE_ENV.exports.act (node_modules/react/cjs/react.development.js:884:10)
      at node_modules/@testing-library/react/dist/act-compat.js:47:25
      at renderRoot (node_modules/@testing-library/react/dist/pure.js:190:26)
      at render (node_modules/@testing-library/react/dist/pure.js:292:10)
      at Object.<anonymous> (src/__tests__/components/ShippingAddresses.test.js:55:11)

    console.error
      <mockShippingAddresses /> is using incorrect casing. Use PascalCase for React components, or lowercase for HTML 
elements.

    [0m [90m 59 |[39m
     [90m 60 |[39m   it([32m'debe tener bot├│n para agregar nueva direcci├│n'[39m[33m,[39m () [33m=>[39m {
    [31m[1m>[22m[39m[90m 61 |[39m     render([33m<[39m[33mmockShippingAddresses[39m 
[33m/[39m[33m>[39m)[33m;[39m
     [90m    |[39m           [31m[1m^[22m[39m
     [90m 62 |[39m     expect(screen[33m.[39mgetByRole([32m'button'[39m[33m,[39m { name[33m:[39m [35m/agregar 
direcci├│n|nueva direcci├│n/i[39m }))[33m.[39mtoBeInTheDocument()[33m;[39m
     [90m 63 |[39m   })[33m;[39m
     [90m 64 |[39m })[33m;[39m[0m

      at completeWork (node_modules/react-dom/cjs/react-dom-client.development.js:12613:37)
      at runWithFiberInDEV (node_modules/react-dom/cjs/react-dom-client.development.js:874:13)
      at completeUnitOfWork (node_modules/react-dom/cjs/react-dom-client.development.js:17777:19)
      at performUnitOfWork (node_modules/react-dom/cjs/react-dom-client.development.js:17658:11)
      at workLoopSync (node_modules/react-dom/cjs/react-dom-client.development.js:17469:41)
      at renderRootSync (node_modules/react-dom/cjs/react-dom-client.development.js:17450:11)
      at performWorkOnRoot (node_modules/react-dom/cjs/react-dom-client.development.js:16504:11)
      at performWorkOnRootViaSchedulerTask (node_modules/react-dom/cjs/react-dom-client.development.js:18957:7)
      at flushActQueue (node_modules/react/cjs/react.development.js:590:34)
      at process.env.NODE_ENV.exports.act (node_modules/react/cjs/react.development.js:884:10)
      at node_modules/@testing-library/react/dist/act-compat.js:47:25
      at renderRoot (node_modules/@testing-library/react/dist/pure.js:190:26)
      at render (node_modules/@testing-library/react/dist/pure.js:292:10)
      at Object.<anonymous> (src/__tests__/components/ShippingAddresses.test.js:61:11)

  ÔùÅ ShippingAddresses Component ÔÇ║ debe renderizar la lista de direcciones

    TestingLibraryElementError: Unable to find an element with the text: /av. principal 123/i. This could be because the 
text is broken up by multiple elements. In this case, you can provide a function for your text matcher to make your 
matcher more flexible.

    Ignored nodes: comments, script, style
    [36m<body>[39m
      [36m<div>[39m
        [36m<mockshippingaddresses />[39m
      [36m</div>[39m
    [36m</body>[39m

    [0m [90m 38 |[39m   it([32m'debe renderizar la lista de direcciones'[39m[33m,[39m () [33m=>[39m {
     [90m 39 |[39m     render([33m<[39m[33mmockShippingAddresses[39m [33m/[39m[33m>[39m)[33m;[39m
    [31m[1m>[22m[39m[90m 40 |[39m     expect(screen[33m.[39mgetByText([35m/av. principal 
123/i[39m))[33m.[39mtoBeInTheDocument()[33m;[39m
     [90m    |[39m                   [31m[1m^[22m[39m
     [90m 41 |[39m     expect(screen[33m.[39mgetByText([35m/av. secundaria 
456/i[39m))[33m.[39mtoBeInTheDocument()[33m;[39m
     [90m 42 |[39m   })[33m;[39m
     [90m 43 |[39m[0m

      at Object.getElementError (node_modules/@testing-library/dom/dist/config.js:37:19)
      at node_modules/@testing-library/dom/dist/query-helpers.js:76:38
      at node_modules/@testing-library/dom/dist/query-helpers.js:52:17
      at node_modules/@testing-library/dom/dist/query-helpers.js:95:19
      at Object.getByText (src/__tests__/components/ShippingAddresses.test.js:40:19)

  ÔùÅ ShippingAddresses Component ÔÇ║ debe marcar la direcci├│n por defecto

    TestingLibraryElementError: Unable to find an element with the text: /por defecto|default/i. This could be because 
the text is broken up by multiple elements. In this case, you can provide a function for your text matcher to make your 
matcher more flexible.

    Ignored nodes: comments, script, style
    [36m<body>[39m
      [36m<div>[39m
        [36m<mockshippingaddresses />[39m
      [36m</div>[39m
    [36m</body>[39m

    [0m [90m 44 |[39m   it([32m'debe marcar la direcci├│n por defecto'[39m[33m,[39m () [33m=>[39m {
     [90m 45 |[39m     render([33m<[39m[33mmockShippingAddresses[39m [33m/[39m[33m>[39m)[33m;[39m
    [31m[1m>[22m[39m[90m 46 |[39m     expect(screen[33m.[39mgetByText([35m/por 
defecto|default/i[39m))[33m.[39mtoBeInTheDocument()[33m;[39m
     [90m    |[39m                   [31m[1m^[22m[39m
     [90m 47 |[39m   })[33m;[39m
     [90m 48 |[39m
     [90m 49 |[39m   it([32m'debe mostrar city y state'[39m[33m,[39m () [33m=>[39m {[0m

      at Object.getElementError (node_modules/@testing-library/dom/dist/config.js:37:19)
      at node_modules/@testing-library/dom/dist/query-helpers.js:76:38
      at node_modules/@testing-library/dom/dist/query-helpers.js:52:17
      at node_modules/@testing-library/dom/dist/query-helpers.js:95:19
      at Object.getByText (src/__tests__/components/ShippingAddresses.test.js:46:19)

  ÔùÅ ShippingAddresses Component ÔÇ║ debe mostrar city y state

    TestingLibraryElementError: Unable to find an element with the text: /lima|arequipa/i. This could be because the text 
is broken up by multiple elements. In this case, you can provide a function for your text matcher to make your matcher 
more flexible.

    Ignored nodes: comments, script, style
    [36m<body>[39m
      [36m<div>[39m
        [36m<mockshippingaddresses />[39m
      [36m</div>[39m
    [36m</body>[39m

    [0m [90m 49 |[39m   it([32m'debe mostrar city y state'[39m[33m,[39m () [33m=>[39m {
     [90m 50 |[39m     render([33m<[39m[33mmockShippingAddresses[39m [33m/[39m[33m>[39m)[33m;[39m
    [31m[1m>[22m[39m[90m 51 |[39m     
expect(screen[33m.[39mgetByText([35m/lima|arequipa/i[39m))[33m.[39mtoBeInTheDocument()[33m;[39m
     [90m    |[39m                   [31m[1m^[22m[39m
     [90m 52 |[39m   })[33m;[39m
     [90m 53 |[39m
     [90m 54 |[39m   it([32m'debe tener bot├│n seleccionar para cada direcci├│n'[39m[33m,[39m () [33m=>[39m {[0m

      at Object.getElementError (node_modules/@testing-library/dom/dist/config.js:37:19)
      at node_modules/@testing-library/dom/dist/query-helpers.js:76:38
      at node_modules/@testing-library/dom/dist/query-helpers.js:52:17
      at node_modules/@testing-library/dom/dist/query-helpers.js:95:19
      at Object.getByText (src/__tests__/components/ShippingAddresses.test.js:51:19)

  ÔùÅ ShippingAddresses Component ÔÇ║ debe tener bot├│n seleccionar para cada direcci├│n

    TestingLibraryElementError: Unable to find an accessible element with the role "button" and name `/seleccionar/i`

    There are no accessible roles. But there might be some inaccessible roles. If you wish to access them, then set the 
`hidden` option to `true`. Learn more about this here: 
https://testing-library.com/docs/dom-testing-library/api-queries#byrole

    Ignored nodes: comments, script, style
    [36m<body>[39m
      [36m<div>[39m
        [36m<mockshippingaddresses />[39m
      [36m</div>[39m
    [36m</body>[39m

    [0m [90m 54 |[39m   it([32m'debe tener bot├│n seleccionar para cada direcci├│n'[39m[33m,[39m () [33m=>[39m {
     [90m 55 |[39m     render([33m<[39m[33mmockShippingAddresses[39m [33m/[39m[33m>[39m)[33m;[39m
    [31m[1m>[22m[39m[90m 56 |[39m     [36mconst[39m buttons [33m=[39m 
screen[33m.[39mgetAllByRole([32m'button'[39m[33m,[39m { name[33m:[39m [35m/seleccionar/i[39m })[33m;[39m
     [90m    |[39m                            [31m[1m^[22m[39m
     [90m 57 |[39m     expect(buttons[33m.[39mlength)[33m.[39mtoBeGreaterThan([35m0[39m)[33m;[39m
     [90m 58 |[39m   })[33m;[39m
     [90m 59 |[39m[0m

      at Object.getElementError (node_modules/@testing-library/dom/dist/config.js:37:19)
      at node_modules/@testing-library/dom/dist/query-helpers.js:76:38
      at node_modules/@testing-library/dom/dist/query-helpers.js:109:15
      at Object.getAllByRole (src/__tests__/components/ShippingAddresses.test.js:56:28)

  ÔùÅ ShippingAddresses Component ÔÇ║ debe tener bot├│n para agregar nueva direcci├│n

    TestingLibraryElementError: Unable to find an accessible element with the role "button" and name `/agregar 
direcci├│n|nueva direcci├│n/i`

    There are no accessible roles. But there might be some inaccessible roles. If you wish to access them, then set the 
`hidden` option to `true`. Learn more about this here: 
https://testing-library.com/docs/dom-testing-library/api-queries#byrole

    Ignored nodes: comments, script, style
    [36m<body>[39m
      [36m<div>[39m
        [36m<mockshippingaddresses />[39m
      [36m</div>[39m
    [36m</body>[39m

    [0m [90m 60 |[39m   it([32m'debe tener bot├│n para agregar nueva direcci├│n'[39m[33m,[39m () [33m=>[39m {
     [90m 61 |[39m     render([33m<[39m[33mmockShippingAddresses[39m [33m/[39m[33m>[39m)[33m;[39m
    [31m[1m>[22m[39m[90m 62 |[39m     expect(screen[33m.[39mgetByRole([32m'button'[39m[33m,[39m { 
name[33m:[39m [35m/agregar direcci├│n|nueva direcci├│n/i[39m }))[33m.[39mtoBeInTheDocument()[33m;[39m
     [90m    |[39m                   [31m[1m^[22m[39m
     [90m 63 |[39m   })[33m;[39m
     [90m 64 |[39m })[33m;[39m
     [90m 65 |[39m[0m

      at Object.getElementError (node_modules/@testing-library/dom/dist/config.js:37:19)
      at node_modules/@testing-library/dom/dist/query-helpers.js:76:38
      at node_modules/@testing-library/dom/dist/query-helpers.js:52:17
      at node_modules/@testing-library/dom/dist/query-helpers.js:95:19
      at Object.getByRole (src/__tests__/components/ShippingAddresses.test.js:62:19)

FAIL src/__tests__/pages/Checkout.test.js
  ÔùÅ Checkout Page ÔÇ║ debe mostrar formulario de direcci├│n

    TestingLibraryElementError: Found multiple elements with the text: /direcci├│n|env├¡o|shipping/i

    Here are the matching elements:

    Ignored nodes: comments, script, style
    [36m<h2>[39m
      [0mDirecci├│n de env├¡o[0m
    [36m</h2>[39m

    Ignored nodes: comments, script, style
    [36m<h2>[39m
      [0mOpciones de env├¡o[0m
    [36m</h2>[39m

    Ignored nodes: comments, script, style
    [36m<option>[39m
      [0mEnv├¡o est├índar[0m
    [36m</option>[39m

    (If this is intentional, then use the `*AllBy*` variant of the query (like `queryAllByText`, `getAllByText`, or 
`findAllByText`)).

    Ignored nodes: comments, script, style
    [36m<body>[39m
      [36m<div>[39m
        [36m<div>[39m
          [36m<h1>[39m
            [0mCheckout[0m
          [36m</h1>[39m
          [36m<form>[39m
            [36m<section>[39m
              [36m<h2>[39m
                [0mDirecci├│n de env├¡o[0m
              [36m</h2>[39m
              [36m<input[39m
                [33mplaceholder[39m=[32m"Calle"[39m
              [36m/>[39m
              [36m<input[39m
                [33mplaceholder[39m=[32m"Ciudad"[39m
              [36m/>[39m
            [36m</section>[39m
            [36m<section>[39m
              [36m<h2>[39m
                [0mOpciones de env├¡o[0m
              [36m</h2>[39m
              [36m<select>[39m
                [36m<option>[39m
                  [0mEnv├¡o est├índar[0m
                [36m</option>[39m
              [36m</select>[39m
            [36m</section>[39m
            [36m<section>[39m
              [36m<h2>[39m
                [0mPago[0m
              [36m</h2>[39m
              [36m<input[39m
                [33mplaceholder[39m=[32m"N├║mero de tarjeta"[39m
              [36m/>[39m
            [36m</section>[39m
            [36m<section>[39m
              [36m<h2>[39m
                [0mResumen de orden[0m
              [36m</h2>[39m
              [36m<p>[39m
                [0mTotal: S/. 1500.00[0m
              [36m</p>[39m
            [36m</section>[39m
            [36m<button[39m
              [33mtype[39m=[32m"submit"[39m
            [36m>[39m
              [0mConfirmar pedido[0m
            [36m</button>[39m
          [36m</form>[39m
        [36m</div>[39m
      [36m</div>[39m
    [36m</body>[39m

    [0m [90m 36 |[39m   it([32m'debe mostrar formulario de direcci├│n'[39m[33m,[39m () [33m=>[39m {
     [90m 37 |[39m     render([33m<[39m[33mMockCheckout[39m [33m/[39m[33m>[39m)[33m;[39m
    [31m[1m>[22m[39m[90m 38 |[39m     
expect(screen[33m.[39mgetByText([35m/direcci├│n|env├¡o|shipping/i[39m))[33m.[39mtoBeInTheDocument()[33m;[39m
     [90m    |[39m                   [31m[1m^[22m[39m
     [90m 39 |[39m   })[33m;[39m
     [90m 40 |[39m
     [90m 41 |[39m   it([32m'debe mostrar campos de direcci├│n'[39m[33m,[39m () [33m=>[39m {[0m

      at Object.getElementError (node_modules/@testing-library/dom/dist/config.js:37:19)
      at getElementError (node_modules/@testing-library/dom/dist/query-helpers.js:20:35)
      at getMultipleElementsFoundError (node_modules/@testing-library/dom/dist/query-helpers.js:23:10)
      at node_modules/@testing-library/dom/dist/query-helpers.js:55:13
      at node_modules/@testing-library/dom/dist/query-helpers.js:95:19
      at Object.getByText (src/__tests__/pages/Checkout.test.js:38:19)

  ÔùÅ Checkout Page ÔÇ║ debe mostrar opciones de env├¡o

    TestingLibraryElementError: Found multiple elements with the text: /env├¡o|shipping|entrega/i

    Here are the matching elements:

    Ignored nodes: comments, script, style
    [36m<h2>[39m
      [0mDirecci├│n de env├¡o[0m
    [36m</h2>[39m

    Ignored nodes: comments, script, style
    [36m<h2>[39m
      [0mOpciones de env├¡o[0m
    [36m</h2>[39m

    Ignored nodes: comments, script, style
    [36m<option>[39m
      [0mEnv├¡o est├índar[0m
    [36m</option>[39m

    (If this is intentional, then use the `*AllBy*` variant of the query (like `queryAllByText`, `getAllByText`, or 
`findAllByText`)).

    Ignored nodes: comments, script, style
    [36m<body>[39m
      [36m<div>[39m
        [36m<div>[39m
          [36m<h1>[39m
            [0mCheckout[0m
          [36m</h1>[39m
          [36m<form>[39m
            [36m<section>[39m
              [36m<h2>[39m
                [0mDirecci├│n de env├¡o[0m
              [36m</h2>[39m
              [36m<input[39m
                [33mplaceholder[39m=[32m"Calle"[39m
              [36m/>[39m
              [36m<input[39m
                [33mplaceholder[39m=[32m"Ciudad"[39m
              [36m/>[39m
            [36m</section>[39m
            [36m<section>[39m
              [36m<h2>[39m
                [0mOpciones de env├¡o[0m
              [36m</h2>[39m
              [36m<select>[39m
                [36m<option>[39m
                  [0mEnv├¡o est├índar[0m
                [36m</option>[39m
              [36m</select>[39m
            [36m</section>[39m
            [36m<section>[39m
              [36m<h2>[39m
                [0mPago[0m
              [36m</h2>[39m
              [36m<input[39m
                [33mplaceholder[39m=[32m"N├║mero de tarjeta"[39m
              [36m/>[39m
            [36m</section>[39m
            [36m<section>[39m
              [36m<h2>[39m
                [0mResumen de orden[0m
              [36m</h2>[39m
              [36m<p>[39m
                [0mTotal: S/. 1500.00[0m
              [36m</p>[39m
            [36m</section>[39m
            [36m<button[39m
              [33mtype[39m=[32m"submit"[39m
            [36m>[39m
              [0mConfirmar pedido[0m
            [36m</button>[39m
          [36m</form>[39m
        [36m</div>[39m
      [36m</div>[39m
    [36m</body>[39m

    [0m [90m 47 |[39m   it([32m'debe mostrar opciones de env├¡o'[39m[33m,[39m () [33m=>[39m {
     [90m 48 |[39m     render([33m<[39m[33mMockCheckout[39m [33m/[39m[33m>[39m)[33m;[39m
    [31m[1m>[22m[39m[90m 49 |[39m     
expect(screen[33m.[39mgetByText([35m/env├¡o|shipping|entrega/i[39m))[33m.[39mtoBeInTheDocument()[33m;[39m
     [90m    |[39m                   [31m[1m^[22m[39m
     [90m 50 |[39m   })[33m;[39m
     [90m 51 |[39m
     [90m 52 |[39m   it([32m'debe mostrar formulario de pago'[39m[33m,[39m () [33m=>[39m {[0m

      at Object.getElementError (node_modules/@testing-library/dom/dist/config.js:37:19)
      at getElementError (node_modules/@testing-library/dom/dist/query-helpers.js:20:35)
      at getMultipleElementsFoundError (node_modules/@testing-library/dom/dist/query-helpers.js:23:10)
      at node_modules/@testing-library/dom/dist/query-helpers.js:55:13
      at node_modules/@testing-library/dom/dist/query-helpers.js:95:19
      at Object.getByText (src/__tests__/pages/Checkout.test.js:49:19)

  ÔùÅ Checkout Page ÔÇ║ debe mostrar resumen de orden

    TestingLibraryElementError: Found multiple elements with the text: /resumen|orden|summary|total/i

    Here are the matching elements:

    Ignored nodes: comments, script, style
    [36m<h2>[39m
      [0mResumen de orden[0m
    [36m</h2>[39m

    Ignored nodes: comments, script, style
    [36m<p>[39m
      [0mTotal: S/. 1500.00[0m
    [36m</p>[39m

    (If this is intentional, then use the `*AllBy*` variant of the query (like `queryAllByText`, `getAllByText`, or 
`findAllByText`)).

    Ignored nodes: comments, script, style
    [36m<body>[39m
      [36m<div>[39m
        [36m<div>[39m
          [36m<h1>[39m
            [0mCheckout[0m
          [36m</h1>[39m
          [36m<form>[39m
            [36m<section>[39m
              [36m<h2>[39m
                [0mDirecci├│n de env├¡o[0m
              [36m</h2>[39m
              [36m<input[39m
                [33mplaceholder[39m=[32m"Calle"[39m
              [36m/>[39m
              [36m<input[39m
                [33mplaceholder[39m=[32m"Ciudad"[39m
              [36m/>[39m
            [36m</section>[39m
            [36m<section>[39m
              [36m<h2>[39m
                [0mOpciones de env├¡o[0m
              [36m</h2>[39m
              [36m<select>[39m
                [36m<option>[39m
                  [0mEnv├¡o est├índar[0m
                [36m</option>[39m
              [36m</select>[39m
            [36m</section>[39m
            [36m<section>[39m
              [36m<h2>[39m
                [0mPago[0m
              [36m</h2>[39m
              [36m<input[39m
                [33mplaceholder[39m=[32m"N├║mero de tarjeta"[39m
              [36m/>[39m
            [36m</section>[39m
            [36m<section>[39m
              [36m<h2>[39m
                [0mResumen de orden[0m
              [36m</h2>[39m
              [36m<p>[39m
                [0mTotal: S/. 1500.00[0m
              [36m</p>[39m
            [36m</section>[39m
            [36m<button[39m
              [33mtype[39m=[32m"submit"[39m
            [36m>[39m
              [0mConfirmar pedido[0m
            [36m</button>[39m
          [36m</form>[39m
        [36m</div>[39m
      [36m</div>[39m
    [36m</body>[39m

    [0m [90m 57 |[39m   it([32m'debe mostrar resumen de orden'[39m[33m,[39m () [33m=>[39m {
     [90m 58 |[39m     render([33m<[39m[33mMockCheckout[39m [33m/[39m[33m>[39m)[33m;[39m
    [31m[1m>[22m[39m[90m 59 |[39m     
expect(screen[33m.[39mgetByText([35m/resumen|orden|summary|total/i[39m))[33m.[39mtoBeInTheDocument()[33m;[39m
     [90m    |[39m                   [31m[1m^[22m[39m
     [90m 60 |[39m   })[33m;[39m
     [90m 61 |[39m
     [90m 62 |[39m   it([32m'debe tener bot├│n confirmar pedido'[39m[33m,[39m () [33m=>[39m {[0m

      at Object.getElementError (node_modules/@testing-library/dom/dist/config.js:37:19)
      at getElementError (node_modules/@testing-library/dom/dist/query-helpers.js:20:35)
      at getMultipleElementsFoundError (node_modules/@testing-library/dom/dist/query-helpers.js:23:10)
      at node_modules/@testing-library/dom/dist/query-helpers.js:55:13
      at node_modules/@testing-library/dom/dist/query-helpers.js:95:19
      at Object.getByText (src/__tests__/pages/Checkout.test.js:59:19)

FAIL src/__tests__/pages/Login.test.js
  ÔùÅ Login Page ÔÇ║ debe renderizar la p├ígina de login

    TestingLibraryElementError: Found multiple elements with the text: /iniciar|ingresa|login/i

    Here are the matching elements:

    Ignored nodes: comments, script, style
    [36m<h1>[39m
      [0mIniciar sesi├│n[0m
    [36m</h1>[39m

    Ignored nodes: comments, script, style
    [36m<button[39m
      [33mtype[39m=[32m"submit"[39m
    [36m>[39m
      [0mIniciar sesi├│n[0m
    [36m</button>[39m

    (If this is intentional, then use the `*AllBy*` variant of the query (like `queryAllByText`, `getAllByText`, or 
`findAllByText`)).

    Ignored nodes: comments, script, style
    [36m<body>[39m
      [36m<div>[39m
        [36m<div>[39m
          [36m<h1>[39m
            [0mIniciar sesi├│n[0m
          [36m</h1>[39m
          [36m<form>[39m
            [36m<input[39m
              [33mplaceholder[39m=[32m"Email"[39m
            [36m/>[39m
            [36m<input[39m
              [33mplaceholder[39m=[32m"Contrase├▒a"[39m
              [33mtype[39m=[32m"password"[39m
            [36m/>[39m
            [36m<label>[39m
              [36m<input[39m
                [33mtype[39m=[32m"checkbox"[39m
              [36m/>[39m
              [0m Recordar sesi├│n[0m
            [36m</label>[39m
            [36m<button[39m
              [33mtype[39m=[32m"submit"[39m
            [36m>[39m
              [0mIniciar sesi├│n[0m
            [36m</button>[39m
          [36m</form>[39m
          [36m<a[39m
            [33mhref[39m=[32m"/signup"[39m
          [36m>[39m
            [0mRegistrarse[0m
          [36m</a>[39m
          [36m<a[39m
            [33mhref[39m=[32m"/forgot"[39m
          [36m>[39m
            [0m┬┐Olvide la contrase├▒a?[0m
          [36m</a>[39m
        [36m</div>[39m
      [36m</div>[39m
    [36m</body>[39m

    [0m [90m 21 |[39m   it([32m'debe renderizar la p├ígina de login'[39m[33m,[39m () [33m=>[39m {
     [90m 22 |[39m     render([33m<[39m[33mMockLogin[39m [33m/[39m[33m>[39m)[33m;[39m
    [31m[1m>[22m[39m[90m 23 |[39m     
expect(screen[33m.[39mgetByText([35m/iniciar|ingresa|login/i[39m))[33m.[39mtoBeInTheDocument()[33m;[39m
     [90m    |[39m                   [31m[1m^[22m[39m
     [90m 24 |[39m   })[33m;[39m
     [90m 25 |[39m
     [90m 26 |[39m   it([32m'debe mostrar campo email'[39m[33m,[39m () [33m=>[39m {[0m

      at Object.getElementError (node_modules/@testing-library/dom/dist/config.js:37:19)
      at getElementError (node_modules/@testing-library/dom/dist/query-helpers.js:20:35)
      at getMultipleElementsFoundError (node_modules/@testing-library/dom/dist/query-helpers.js:23:10)
      at node_modules/@testing-library/dom/dist/query-helpers.js:55:13
      at node_modules/@testing-library/dom/dist/query-helpers.js:95:19
      at Object.getByText (src/__tests__/pages/Login.test.js:23:19)

FAIL src/__tests__/components/Spinner.test.js
  ÔùÅ Spinner Component ÔÇ║ debe aplicar tama├▒o peque├▒o correctamente

    expect(received).toBeInTheDocument()

    received value must be an HTMLElement or an SVGElement.
    Received has value: null

    [0m [90m 27 |[39m     [36mconst[39m { container } [33m=[39m render([33m<[39m[33mSpinner[39m 
size[33m=[39m[32m"small"[39m [33m/[39m[33m>[39m)[33m;[39m
     [90m 28 |[39m     [36mconst[39m spinner [33m=[39m 
container[33m.[39mquerySelector([32m'.w-6'[39m)[33m;[39m
    [31m[1m>[22m[39m[90m 29 |[39m     expect(spinner)[33m.[39mtoBeInTheDocument()[33m;[39m
     [90m    |[39m                     [31m[1m^[22m[39m
     [90m 30 |[39m   })[33m;[39m
     [90m 31 |[39m
     [90m 32 |[39m   it([32m'debe aplicar tama├▒o grande correctamente'[39m[33m,[39m () [33m=>[39m {[0m

      at __EXTERNAL_MATCHER_TRAP__ (node_modules/expect/build/index.js:2240:22)
      at Object.throwingMatcher [as toBeInTheDocument] (node_modules/expect/build/index.js:2241:6)
      at Object.toBeInTheDocument (src/__tests__/components/Spinner.test.js:29:21)

  ÔùÅ Spinner Component ÔÇ║ debe aplicar tama├▒o grande correctamente

    expect(received).toBeInTheDocument()

    received value must be an HTMLElement or an SVGElement.
    Received has value: null

    [0m [90m 33 |[39m     [36mconst[39m { container } [33m=[39m render([33m<[39m[33mSpinner[39m 
size[33m=[39m[32m"large"[39m [33m/[39m[33m>[39m)[33m;[39m
     [90m 34 |[39m     [36mconst[39m spinner [33m=[39m 
container[33m.[39mquerySelector([32m'.w-12'[39m)[33m;[39m
    [31m[1m>[22m[39m[90m 35 |[39m     expect(spinner)[33m.[39mtoBeInTheDocument()[33m;[39m
     [90m    |[39m                     [31m[1m^[22m[39m
     [90m 36 |[39m   })[33m;[39m
     [90m 37 |[39m })[33m;[39m
     [90m 38 |[39m[0m

      at __EXTERNAL_MATCHER_TRAP__ (node_modules/expect/build/index.js:2240:22)
      at Object.throwingMatcher [as toBeInTheDocument] (node_modules/expect/build/index.js:2241:6)
      at Object.toBeInTheDocument (src/__tests__/components/Spinner.test.js:35:21)

FAIL src/__tests__/components/SearchBar.test.js
  ÔùÅ SearchBar Component ÔÇ║ debe llamar onSearch cuando se hace submit

    expect(jest.fn()).toHaveBeenCalledWith(...expected)

    Expected: "laptops"

    Number of calls: 0

    [0m [90m 23 |[39m     [36mawait[39m user[33m.[39mkeyboard([32m'{Enter}'[39m)[33m;[39m
     [90m 24 |[39m     
    [31m[1m>[22m[39m[90m 25 |[39m     
expect(handleSearch)[33m.[39mtoHaveBeenCalledWith([32m'laptops'[39m)[33m;[39m
     [90m    |[39m                          [31m[1m^[22m[39m
     [90m 26 |[39m   })[33m;[39m
     [90m 27 |[39m
     [90m 28 |[39m   it([32m'debe renderizar el ├¡cono de b├║squeda'[39m[33m,[39m () [33m=>[39m {[0m

      at Object.toHaveBeenCalledWith (src/__tests__/components/SearchBar.test.js:25:26)

FAIL src/__tests__/components/PaymentForm.test.js
  ÔùÅ Console

    console.error
      Error: Not implemented: HTMLFormElement.prototype.requestSubmit
          at module.exports 
(C:\Users\di_vi\MiAppVentas\frontend\node_modules\jsdom\lib\jsdom\browser\not-implemented.js:9:17)
          at HTMLFormElementImpl.requestSubmit 
(C:\Users\di_vi\MiAppVentas\frontend\node_modules\jsdom\lib\jsdom\living\nodes\HTMLFormElement-impl.js:130:5)
          at HTMLFormElementImpl._doRequestSubmit 
(C:\Users\di_vi\MiAppVentas\frontend\node_modules\jsdom\lib\jsdom\living\nodes\HTMLFormElement-impl.js:100:10)
          at HTMLButtonElementImpl._activationBehavior 
(C:\Users\di_vi\MiAppVentas\frontend\node_modules\jsdom\lib\jsdom\living\nodes\HTMLButtonElement-impl.js:23:14)
          at HTMLButtonElementImpl._dispatch 
(C:\Users\di_vi\MiAppVentas\frontend\node_modules\jsdom\lib\jsdom\living\events\EventTarget-impl.js:252:26)
          at HTMLButtonElementImpl.dispatchEvent 
(C:\Users\di_vi\MiAppVentas\frontend\node_modules\jsdom\lib\jsdom\living\events\EventTarget-impl.js:104:17)
          at HTMLButtonElement.dispatchEvent 
(C:\Users\di_vi\MiAppVentas\frontend\node_modules\jsdom\lib\jsdom\living\generated\EventTarget.js:241:34)
          at 
C:\Users\di_vi\MiAppVentas\frontend\node_modules\@testing-library\user-event\dist\cjs\event\dispatchEvent.js:45:43
          at C:\Users\di_vi\MiAppVentas\frontend\node_modules\@testing-library\react\dist\pure.js:108:16
          at C:\Users\di_vi\MiAppVentas\frontend\node_modules\@testing-library\react\dist\act-compat.js:48:24
          at process.env.NODE_ENV.exports.act 
(C:\Users\di_vi\MiAppVentas\frontend\node_modules\react\cjs\react.development.js:814:22)
          at C:\Users\di_vi\MiAppVentas\frontend\node_modules\@testing-library\react\dist\act-compat.js:47:25
          at Object.eventWrapper 
(C:\Users\di_vi\MiAppVentas\frontend\node_modules\@testing-library\react\dist\pure.js:107:28)
          at Object.wrapEvent 
(C:\Users\di_vi\MiAppVentas\frontend\node_modules\@testing-library\user-event\dist\cjs\event\wrapEvent.js:6:28)
          at Object.dispatchEvent 
(C:\Users\di_vi\MiAppVentas\frontend\node_modules\@testing-library\user-event\dist\cjs\event\dispatchEvent.js:45:22)
          at Object.dispatchUIEvent 
(C:\Users\di_vi\MiAppVentas\frontend\node_modules\@testing-library\user-event\dist\cjs\event\dispatchEvent.js:22:26)
          at Mouse.up 
(C:\Users\di_vi\MiAppVentas\frontend\node_modules\@testing-library\user-event\dist\cjs\system\pointer\mouse.js:100:30)
          at PointerHost.release 
(C:\Users\di_vi\MiAppVentas\frontend\node_modules\@testing-library\user-event\dist\cjs\system\pointer\index.js:87:24)
          at pointerAction 
(C:\Users\di_vi\MiAppVentas\frontend\node_modules\@testing-library\user-event\dist\cjs\pointer\index.js:54:47)
          at Object.pointer 
(C:\Users\di_vi\MiAppVentas\frontend\node_modules\@testing-library\user-event\dist\cjs\pointer\index.js:27:9)
          at Object.asyncWrapper 
(C:\Users\di_vi\MiAppVentas\frontend\node_modules\@testing-library\react\dist\pure.js:88:22)
          at Object.<anonymous> (C:\Users\di_vi\MiAppVentas\frontend\src\__tests__\components\PaymentForm.test.js:42:5) {
        type: 'not implemented'
      }

    [0m [90m 40 |[39m     
     [90m 41 |[39m     [36mconst[39m submitButton [33m=[39m 
screen[33m.[39mgetByRole([32m'button'[39m[33m,[39m { name[33m:[39m [35m/pagar|confirmar/i[39m })[33m;[39m
    [31m[1m>[22m[39m[90m 42 |[39m     [36mawait[39m user[33m.[39mclick(submitButton)[33m;[39m
     [90m    |[39m     [31m[1m^[22m[39m
     [90m 43 |[39m     
     [90m 44 |[39m     expect(handleSubmit)[33m.[39mnot[33m.[39mtoHaveBeenCalled()[33m;[39m
     [90m 45 |[39m   })[33m;[39m[0m

      at VirtualConsole.<anonymous> (node_modules/@jest/environment-jsdom-abstract/build/index.js:87:23)
      at module.exports (node_modules/jsdom/lib/jsdom/browser/not-implemented.js:12:26)
      at HTMLFormElementImpl.requestSubmit (node_modules/jsdom/lib/jsdom/living/nodes/HTMLFormElement-impl.js:130:5)
      at HTMLFormElementImpl._doRequestSubmit (node_modules/jsdom/lib/jsdom/living/nodes/HTMLFormElement-impl.js:100:10)
      at HTMLButtonElementImpl._activationBehavior 
(node_modules/jsdom/lib/jsdom/living/nodes/HTMLButtonElement-impl.js:23:14)
      at HTMLButtonElementImpl._dispatch (node_modules/jsdom/lib/jsdom/living/events/EventTarget-impl.js:252:26)
      at HTMLButtonElementImpl.dispatchEvent (node_modules/jsdom/lib/jsdom/living/events/EventTarget-impl.js:104:17)
      at HTMLButtonElement.dispatchEvent (node_modules/jsdom/lib/jsdom/living/generated/EventTarget.js:241:34)
      at node_modules/@testing-library/user-event/dist/cjs/event/dispatchEvent.js:45:43
      at node_modules/@testing-library/react/dist/pure.js:108:16
      at node_modules/@testing-library/react/dist/act-compat.js:48:24
      at process.env.NODE_ENV.exports.act (node_modules/react/cjs/react.development.js:814:22)
      at node_modules/@testing-library/react/dist/act-compat.js:47:25
      at Object.eventWrapper (node_modules/@testing-library/react/dist/pure.js:107:28)
      at Object.wrapEvent (node_modules/@testing-library/user-event/dist/cjs/event/wrapEvent.js:6:28)
      at Object.dispatchEvent (node_modules/@testing-library/user-event/dist/cjs/event/dispatchEvent.js:45:22)
      at Object.dispatchUIEvent (node_modules/@testing-library/user-event/dist/cjs/event/dispatchEvent.js:22:26)
      at Mouse.up (node_modules/@testing-library/user-event/dist/cjs/system/pointer/mouse.js:100:30)
      at PointerHost.release (node_modules/@testing-library/user-event/dist/cjs/system/pointer/index.js:87:24)
      at pointerAction (node_modules/@testing-library/user-event/dist/cjs/pointer/index.js:54:47)
      at Object.pointer (node_modules/@testing-library/user-event/dist/cjs/pointer/index.js:27:9)
      at Object.asyncWrapper (node_modules/@testing-library/react/dist/pure.js:88:22)
      at Object.<anonymous> (src/__tests__/components/PaymentForm.test.js:42:5)

  ÔùÅ PaymentForm Component ÔÇ║ debe validar campos requeridos antes de submit

    expect(jest.fn()).not.toHaveBeenCalled()

    Expected number of calls: 0
    Received number of calls: 1

    1: {"_reactName": "onSubmit", "_targetInst": null, "bubbles": true, "cancelable": true, "currentTarget": null, 
"defaultPrevented": false, "eventPhase": 3, "isDefaultPrevented": [Function functionThatReturnsFalse], 
"isPropagationStopped": [Function functionThatReturnsFalse], "isTrusted": true, "nativeEvent": {"isTrusted": true}, 
"target": <form><label>Pago</label><input placeholder="N├║mero de tarjeta" /><input placeholder="Titular" /><input 
placeholder="mm/yy" /><input placeholder="CVV" /><button type="submit">Pagar</button></form>, "timeStamp": 1765135625070, 
"type": "submit"}

    [0m [90m 42 |[39m     [36mawait[39m user[33m.[39mclick(submitButton)[33m;[39m
     [90m 43 |[39m     
    [31m[1m>[22m[39m[90m 44 |[39m     expect(handleSubmit)[33m.[39mnot[33m.[39mtoHaveBeenCalled()[33m;[39m
     [90m    |[39m                              [31m[1m^[22m[39m
     [90m 45 |[39m   })[33m;[39m
     [90m 46 |[39m
     [90m 47 |[39m   it([32m'debe formatear n├║mero de tarjeta con espacios'[39m[33m,[39m [36masync[39m () 
[33m=>[39m {[0m

      at Object.toHaveBeenCalled (src/__tests__/components/PaymentForm.test.js:44:30)

  ÔùÅ PaymentForm Component ÔÇ║ debe formatear n├║mero de tarjeta con espacios

    expect(received).toMatch(expected)

    Expected pattern: /\d{4}\s\d{4}\s\d{4}\s\d{4}/
    Received string:  "4111111111111111"

    [0m [90m 52 |[39m     [36mawait[39m user[33m.[39mtype(cardInput[33m,[39m 
[32m'4111111111111111'[39m)[33m;[39m
     [90m 53 |[39m     
    [31m[1m>[22m[39m[90m 54 |[39m     
expect(cardInput[33m.[39mvalue)[33m.[39mtoMatch([35m/\d{4}\s\d{4}\s\d{4}\s\d{4}/[39m)[33m;[39m
     [90m    |[39m                             [31m[1m^[22m[39m
     [90m 55 |[39m   })[33m;[39m
     [90m 56 |[39m })[33m;[39m
     [90m 57 |[39m[0m

      at Object.toMatch (src/__tests__/components/PaymentForm.test.js:54:29)

PASS src/__tests__/components/FilterSidebar.test.js
PASS src/__tests__/components/Button.test.js
PASS src/__tests__/components/Modal.test.js
PASS src/__tests__/components/Toast.test.js
PASS src/__tests__/components/ProductCard.test.js
PASS src/__tests__/components/Pagination.test.js
PASS src/__tests__/pages/ProductDetail.test.js
PASS src/__tests__/components/Navigation.test.js
PASS src/__tests__/components/CartIcon.test.js
PASS src/__tests__/pages/Home.test.js
PASS src/__tests__/hooks/useFavorites.test.js
PASS src/__tests__/components/Card.test.js
PASS src/__tests__/components/Badge.test.js
PASS src/__tests__/utils/api.test.js
PASS src/__tests__/hooks/useCart.test.js
PASS src/__tests__/components/RatingStars.test.js
PASS src/__tests__/utils/helpers.test.js
FAIL src/__tests__/components/Breadcrumb.test.js
  ÔùÅ Test suite failed to run

    Jest encountered an unexpected token

    Jest failed to parse a file. This happens e.g. when your code or its dependencies use non-standard JavaScript syntax, 
or when Jest is not configured to support such syntax.

    Out of the box Jest supports Babel, which will be used to transform your files into valid JS based on your Babel 
configuration.

    By default "node_modules" folder is ignored by transformers.

    Here's what you can do:
     ÔÇó If you are trying to use ECMAScript Modules, see https://jestjs.io/docs/ecmascript-modules for how to enable it.
     ÔÇó If you are trying to use TypeScript, see https://jestjs.io/docs/getting-started#using-typescript
     ÔÇó To have some of your "node_modules" files transformed, you can specify a custom "transformIgnorePatterns" in 
your config.
     ÔÇó If you need a custom transformation, specify a "transform" option in your config.
     ÔÇó If you simply want to mock your non-JS modules (e.g. binary assets) you can stub them out with the 
"moduleNameMapper" config option.

    You'll find more details and examples of these config options in the docs:
    https://jestjs.io/docs/configuration
    For information about custom transformations, see:
    https://jestjs.io/docs/code-transformation

    Details:

    SyntaxError: C:\Users\di_vi\MiAppVentas\frontend\src\__tests__\components\Breadcrumb.test.js: Unexpected token (59:0)

    [0m [90m 57 |[39m   })[33m;[39m
     [90m 58 |[39m   })[33m;[39m
    [31m[1m>[22m[39m[90m 59 |[39m })[33m;[39m
     [90m    |[39m [31m[1m^[22m[39m
     [90m 60 |[39m[0m

      at constructor (node_modules/@babel/parser/src/parse-error.ts:95:45)
      at JSXParserMixin.toParseError [as raise] (node_modules/@babel/parser/src/tokenizer/index.ts:1507:19)
      at JSXParserMixin.raise [as unexpected] (node_modules/@babel/parser/src/tokenizer/index.ts:1547:16)
      at JSXParserMixin.unexpected (node_modules/@babel/parser/src/parser/expression.ts:1355:22)
      at JSXParserMixin.parseExprAtom (node_modules/@babel/parser/src/plugins/jsx/index.ts:583:22)
      at JSXParserMixin.parseExprAtom [as parseExprSubscripts] 
(node_modules/@babel/parser/src/parser/expression.ts:742:23)
      at JSXParserMixin.parseExprSubscripts [as parseUpdate] (node_modules/@babel/parser/src/parser/expression.ts:721:21)
      at JSXParserMixin.parseUpdate [as parseMaybeUnary] (node_modules/@babel/parser/src/parser/expression.ts:683:23)
      at JSXParserMixin.parseMaybeUnary [as parseMaybeUnaryOrPrivate] 
(node_modules/@babel/parser/src/parser/expression.ts:417:14)
      at JSXParserMixin.parseMaybeUnaryOrPrivate [as parseExprOps] 
(node_modules/@babel/parser/src/parser/expression.ts:429:23)
      at JSXParserMixin.parseExprOps [as parseMaybeConditional] 
(node_modules/@babel/parser/src/parser/expression.ts:384:23)
      at JSXParserMixin.parseMaybeConditional [as parseMaybeAssign] 
(node_modules/@babel/parser/src/parser/expression.ts:301:21)
      at JSXParserMixin.parseMaybeAssign [as parseExpressionBase] 
(node_modules/@babel/parser/src/parser/expression.ts:226:23)
      at parseExpressionBase (node_modules/@babel/parser/src/parser/expression.ts:217:39)
      at JSXParserMixin.callback [as allowInAnd] (node_modules/@babel/parser/src/parser/expression.ts:3197:16)
      at JSXParserMixin.allowInAnd [as parseExpression] (node_modules/@babel/parser/src/parser/expression.ts:217:17)
      at JSXParserMixin.parseExpression [as parseStatementContent] 
(node_modules/@babel/parser/src/parser/statement.ts:688:23)
      at JSXParserMixin.parseStatementContent [as parseStatementLike] 
(node_modules/@babel/parser/src/parser/statement.ts:482:17)
      at JSXParserMixin.parseStatementLike [as parseModuleItem] 
(node_modules/@babel/parser/src/parser/statement.ts:419:17)
      at JSXParserMixin.parseModuleItem [as parseBlockOrModuleBlockBody] 
(node_modules/@babel/parser/src/parser/statement.ts:1443:16)
      at JSXParserMixin.parseBlockOrModuleBlockBody [as parseBlockBody] 
(node_modules/@babel/parser/src/parser/statement.ts:1417:10)
      at JSXParserMixin.parseBlockBody [as parseProgram] (node_modules/@babel/parser/src/parser/statement.ts:229:10)
      at JSXParserMixin.parseProgram [as parseTopLevel] (node_modules/@babel/parser/src/parser/statement.ts:203:25)
      at JSXParserMixin.parseTopLevel [as parse] (node_modules/@babel/parser/src/parser/index.ts:88:25)
      at parse (node_modules/@babel/parser/src/index.ts:86:38)
      at parser (node_modules/@babel/core/src/parser/index.ts:29:19)
          at parser.next (<anonymous>)
      at normalizeFile (node_modules/@babel/core/src/transformation/normalize-file.ts:50:24)
          at normalizeFile.next (<anonymous>)
      at run (node_modules/@babel/core/src/transformation/index.ts:41:36)
          at run.next (<anonymous>)
      at transform (node_modules/@babel/core/src/transform.ts:29:20)
          at transform.next (<anonymous>)
      at evaluateSync (node_modules/gensync/index.js:251:28)
      at sync (node_modules/gensync/index.js:89:14)
      at fn (node_modules/@babel/core/src/errors/rewrite-stack-trace.ts:99:14)
      at transformSync (node_modules/@babel/core/src/transform.ts:66:52)
      at ScriptTransformer.transformSource (node_modules/@jest/transform/build/index.js:422:31)
      at ScriptTransformer._transformAndBuildScript (node_modules/@jest/transform/build/index.js:519:40)
      at ScriptTransformer.transform (node_modules/@jest/transform/build/index.js:558:19)

Summary of all failing tests
FAIL src/__tests__/components/Input.test.js
  ÔùÅ Input Component ÔÇ║ debe mostrar el label cuando se proporciona

    TestingLibraryElementError: Found a label with the text of: /email/i, however no form control was found associated to 
that label. Make sure you're using the "for" attribute or "aria-labelledby" attribute correctly.

    Ignored nodes: comments, script, style
    [36m<body>[39m
      [36m<div>[39m
        [36m<div>[39m
          [36m<label>[39m
            [0mEmail[0m
          [36m</label>[39m
          [36m<input[39m
            [33mclass[39m=[32m""[39m
            [33mtype[39m=[32m"email"[39m
          [36m/>[39m
        [36m</div>[39m
      [36m</div>[39m
    [36m</body>[39m

    [0m [90m 17 |[39m   it([32m'debe mostrar el label cuando se proporciona'[39m[33m,[39m () [33m=>[39m {
     [90m 18 |[39m     render([33m<[39m[33mInput[39m label[33m=[39m[32m"Email"[39m 
type[33m=[39m[32m"email"[39m [33m/[39m[33m>[39m)[33m;[39m
    [31m[1m>[22m[39m[90m 19 |[39m     
expect(screen[33m.[39mgetByLabelText([35m/email/i[39m))[33m.[39mtoBeInTheDocument()[33m;[39m
     [90m    |[39m                   [31m[1m^[22m[39m
     [90m 20 |[39m   })[33m;[39m
     [90m 21 |[39m
     [90m 22 |[39m   it([32m'debe ser de tipo text por defecto'[39m[33m,[39m () [33m=>[39m {[0m

      at Object.getElementError (node_modules/@testing-library/dom/dist/config.js:37:19)
      at getAllByLabelText (node_modules/@testing-library/dom/dist/queries/label-text.js:108:40)
      at node_modules/@testing-library/dom/dist/query-helpers.js:52:17
      at node_modules/@testing-library/dom/dist/query-helpers.js:95:19
      at Object.getByLabelText (src/__tests__/components/Input.test.js:19:19)

FAIL src/__tests__/pages/Products.test.js
  ÔùÅ Products Page ÔÇ║ debe tener paginaci├│n

    TestingLibraryElementError: Found multiple elements with the role "button" and name `/p├ígina|pagina/i`

    Here are the matching elements:

    Ignored nodes: comments, script, style
    [36m<button>[39m
      [0mP├ígina 1[0m
    [36m</button>[39m

    Ignored nodes: comments, script, style
    [36m<button>[39m
      [0mP├ígina 2[0m
    [36m</button>[39m

    (If this is intentional, then use the `*AllBy*` variant of the query (like `queryAllByText`, `getAllByText`, or 
`findAllByText`)).

    Ignored nodes: comments, script, style
    [36m<body>[39m
      [36m<div>[39m
        [36m<div>[39m
          [36m<h1>[39m
            [0mProductos[0m
          [36m</h1>[39m
          [36m<input[39m
            [33mplaceholder[39m=[32m"Buscar productos..."[39m
          [36m/>[39m
          [36m<aside[39m
            [33mclass[39m=[32m"filter-sidebar"[39m
          [36m>[39m
            [36m<h3>[39m
              [0mFiltros[0m
            [36m</h3>[39m
          [36m</aside>[39m
          [36m<main>[39m
            [36m<article>[39m
              [0mProducto 1[0m
            [36m</article>[39m
            [36m<article>[39m
              [0mProducto 2[0m
            [36m</article>[39m
          [36m</main>[39m
          [36m<nav>[39m
            [36m<button>[39m
              [0mP├ígina 1[0m
            [36m</button>[39m
            [36m<button>[39m
              [0mP├ígina 2[0m
            [36m</button>[39m
          [36m</nav>[39m
        [36m</div>[39m
      [36m</div>[39m
    [36m</body>[39m

    [0m [90m 43 |[39m   it([32m'debe tener paginaci├│n'[39m[33m,[39m () [33m=>[39m {
     [90m 44 |[39m     render([33m<[39m[33mMockProductsPage[39m [33m/[39m[33m>[39m)[33m;[39m
    [31m[1m>[22m[39m[90m 45 |[39m     expect(screen[33m.[39mgetByRole([32m'button'[39m[33m,[39m { 
name[33m:[39m [35m/p├ígina|pagina/i[39m }))[33m.[39mtoBeInTheDocument()[33m;[39m
     [90m    |[39m                   [31m[1m^[22m[39m
     [90m 46 |[39m   })[33m;[39m
     [90m 47 |[39m
     [90m 48 |[39m   it([32m'debe mostrar m├║ltiples art├¡culos'[39m[33m,[39m () [33m=>[39m {[0m

      at Object.getElementError (node_modules/@testing-library/dom/dist/config.js:37:19)
      at getElementError (node_modules/@testing-library/dom/dist/query-helpers.js:20:35)
      at getMultipleElementsFoundError (node_modules/@testing-library/dom/dist/query-helpers.js:23:10)
      at node_modules/@testing-library/dom/dist/query-helpers.js:55:13
      at node_modules/@testing-library/dom/dist/query-helpers.js:95:19
      at Object.getByRole (src/__tests__/pages/Products.test.js:45:19)

  ÔùÅ Products Page ÔÇ║ debe mostrar m├║ltiples art├¡culos

    TestingLibraryElementError: Found multiple elements with the text: /producto 1|producto 2/i

    Here are the matching elements:

    Ignored nodes: comments, script, style
    [36m<article>[39m
      [0mProducto 1[0m
    [36m</article>[39m

    Ignored nodes: comments, script, style
    [36m<article>[39m
      [0mProducto 2[0m
    [36m</article>[39m

    (If this is intentional, then use the `*AllBy*` variant of the query (like `queryAllByText`, `getAllByText`, or 
`findAllByText`)).

    Ignored nodes: comments, script, style
    [36m<body>[39m
      [36m<div>[39m
        [36m<div>[39m
          [36m<h1>[39m
            [0mProductos[0m
          [36m</h1>[39m
          [36m<input[39m
            [33mplaceholder[39m=[32m"Buscar productos..."[39m
          [36m/>[39m
          [36m<aside[39m
            [33mclass[39m=[32m"filter-sidebar"[39m
          [36m>[39m
            [36m<h3>[39m
              [0mFiltros[0m
            [36m</h3>[39m
          [36m</aside>[39m
          [36m<main>[39m
            [36m<article>[39m
              [0mProducto 1[0m
            [36m</article>[39m
            [36m<article>[39m
              [0mProducto 2[0m
            [36m</article>[39m
          [36m</main>[39m
          [36m<nav>[39m
            [36m<button>[39m
              [0mP├ígina 1[0m
            [36m</button>[39m
            [36m<button>[39m
              [0mP├ígina 2[0m
            [36m</button>[39m
          [36m</nav>[39m
        [36m</div>[39m
      [36m</div>[39m
    [36m</body>[39m

    [0m [90m 48 |[39m   it([32m'debe mostrar m├║ltiples art├¡culos'[39m[33m,[39m () [33m=>[39m {
     [90m 49 |[39m     render([33m<[39m[33mMockProductsPage[39m [33m/[39m[33m>[39m)[33m;[39m
    [31m[1m>[22m[39m[90m 50 |[39m     expect(screen[33m.[39mgetByText([35m/producto 1|producto 
2/i[39m))[33m.[39mtoBeInTheDocument()[33m;[39m
     [90m    |[39m                   [31m[1m^[22m[39m
     [90m 51 |[39m   })[33m;[39m
     [90m 52 |[39m })[33m;[39m
     [90m 53 |[39m[0m

      at Object.getElementError (node_modules/@testing-library/dom/dist/config.js:37:19)
      at getElementError (node_modules/@testing-library/dom/dist/query-helpers.js:20:35)
      at getMultipleElementsFoundError (node_modules/@testing-library/dom/dist/query-helpers.js:23:10)
      at node_modules/@testing-library/dom/dist/query-helpers.js:55:13
      at node_modules/@testing-library/dom/dist/query-helpers.js:95:19
      at Object.getByText (src/__tests__/pages/Products.test.js:50:19)

FAIL src/__tests__/components/Footer.test.js
  ÔùÅ Footer Component ÔÇ║ debe mostrar informaci├│n de la tienda

    TestingLibraryElementError: Found multiple elements with the text: /miappventas/i

    Here are the matching elements:

    Ignored nodes: comments, script, style
    [36m<p>[39m
      [0mMiAppVentas[0m
    [36m</p>[39m

    Ignored nodes: comments, script, style
    [36m<p>[39m
      [0m┬® 2025 MiAppVentas[0m
    [36m</p>[39m

    (If this is intentional, then use the `*AllBy*` variant of the query (like `queryAllByText`, `getAllByText`, or 
`findAllByText`)).

    Ignored nodes: comments, script, style
    [36m<body>[39m
      [36m<div>[39m
        [36m<footer>[39m
          [36m<p>[39m
            [0mMiAppVentas[0m
          [36m</p>[39m
          [36m<p>[39m
            [0mEnlaces | Acerca de[0m
          [36m</p>[39m
          [36m<p>[39m
            [0mContacto | Email[0m
          [36m</p>[39m
          [36m<p>[39m
            [0mRedes sociales[0m
          [36m</p>[39m
          [36m<a[39m
            [33mhref[39m=[32m"https://facebook.com"[39m
          [36m>[39m
            [0mFacebook[0m
          [36m</a>[39m
          [36m<a[39m
            [33mhref[39m=[32m"https://twitter.com"[39m
          [36m>[39m
            [0mTwitter[0m
          [36m</a>[39m
          [36m<a[39m
            [33mhref[39m=[32m"https://instagram.com"[39m
          [36m>[39m
            [0mInstagram[0m
          [36m</a>[39m
          [36m<p>[39m
            [0m┬® 2025 MiAppVentas[0m
          [36m</p>[39m
          [36m<p>[39m
            [0mPol├¡tica | Privacidad | T├®rminos[0m
          [36m</p>[39m
        [36m</footer>[39m
      [36m</div>[39m
    [36m</body>[39m

    [0m [90m 23 |[39m   it([32m'debe mostrar informaci├│n de la tienda'[39m[33m,[39m () [33m=>[39m {
     [90m 24 |[39m     render([33m<[39m[33mFooter[39m [33m/[39m[33m>[39m)[33m;[39m
    [31m[1m>[22m[39m[90m 25 |[39m     
expect(screen[33m.[39mgetByText([35m/miappventas/i[39m))[33m.[39mtoBeInTheDocument()[33m;[39m
     [90m    |[39m                   [31m[1m^[22m[39m
     [90m 26 |[39m   })[33m;[39m
     [90m 27 |[39m
     [90m 28 |[39m   it([32m'debe mostrar secciones de enlaces ├║tiles'[39m[33m,[39m () [33m=>[39m {[0m

      at Object.getElementError (node_modules/@testing-library/dom/dist/config.js:37:19)
      at getElementError (node_modules/@testing-library/dom/dist/query-helpers.js:20:35)
      at getMultipleElementsFoundError (node_modules/@testing-library/dom/dist/query-helpers.js:23:10)
      at node_modules/@testing-library/dom/dist/query-helpers.js:55:13
      at node_modules/@testing-library/dom/dist/query-helpers.js:95:19
      at Object.getByText (src/__tests__/components/Footer.test.js:25:19)

FAIL src/__tests__/pages/Orders.test.js
  ÔùÅ Orders Page ÔÇ║ debe mostrar n├║mero de orden

    TestingLibraryElementError: Found multiple elements with the text: /orden|pedido/i

    Here are the matching elements:

    Ignored nodes: comments, script, style
    [36m<p>[39m
      [0mOrden #001[0m
    [36m</p>[39m

    Ignored nodes: comments, script, style
    [36m<p>[39m
      [0mOrden #002[0m
    [36m</p>[39m

    (If this is intentional, then use the `*AllBy*` variant of the query (like `queryAllByText`, `getAllByText`, or 
`findAllByText`)).

    Ignored nodes: comments, script, style
    [36m<body>[39m
      [36m<div>[39m
        [36m<div>[39m
          [36m<h1>[39m
            [0mMis ├│rdenes[0m
          [36m</h1>[39m
          [36m<article>[39m
            [36m<p>[39m
              [0mOrden #001[0m
            [36m</p>[39m
            [36m<p>[39m
              [0mFecha: 7 de diciembre 2025[0m
            [36m</p>[39m
            [36m<p>[39m
              [0mEstado: Entregado[0m
            [36m</p>[39m
            [36m<p>[39m
              [0mTotal: S/. 1500.00[0m
            [36m</p>[39m
            [36m<a[39m
              [33mhref[39m=[32m"/orden/1"[39m
            [36m>[39m
              [0mVer detalles[0m
            [36m</a>[39m
          [36m</article>[39m
          [36m<article>[39m
            [36m<p>[39m
              [0mOrden #002[0m
            [36m</p>[39m
            [36m<p>[39m
              [0mFecha: 5 de diciembre 2025[0m
            [36m</p>[39m
            [36m<p>[39m
              [0mEstado: Procesando[0m
            [36m</p>[39m
            [36m<p>[39m
              [0mTotal: S/. 800.00[0m
            [36m</p>[39m
            [36m<a[39m
              [33mhref[39m=[32m"/orden/2"[39m
            [36m>[39m
              [0mVer detalles[0m
            [36m</a>[39m
          [36m</article>[39m
          [36m<select>[39m
            [36m<option>[39m
              [0mTodos[0m
            [36m</option>[39m
            [36m<option>[39m
              [0mPendiente[0m
            [36m</option>[39m
            [36m<option>[39m
              [0mEntregado[0m
            [36m</option>[39m
          [36m</select>[39m
        [36m</div>[39m
      [36m</div>[39m
    [36m</body>[39m

    [0m [90m 40 |[39m   it([32m'debe mostrar n├║mero de orden'[39m[33m,[39m () [33m=>[39m {
     [90m 41 |[39m     render([33m<[39m[33mMockOrders[39m [33m/[39m[33m>[39m)[33m;[39m
    [31m[1m>[22m[39m[90m 42 |[39m     
expect(screen[33m.[39mgetByText([35m/orden|pedido/i[39m))[33m.[39mtoBeInTheDocument()[33m;[39m
     [90m    |[39m                   [31m[1m^[22m[39m
     [90m 43 |[39m   })[33m;[39m
     [90m 44 |[39m
     [90m 45 |[39m   it([32m'debe mostrar fecha de la orden'[39m[33m,[39m () [33m=>[39m {[0m

      at Object.getElementError (node_modules/@testing-library/dom/dist/config.js:37:19)
      at getElementError (node_modules/@testing-library/dom/dist/query-helpers.js:20:35)
      at getMultipleElementsFoundError (node_modules/@testing-library/dom/dist/query-helpers.js:23:10)
      at node_modules/@testing-library/dom/dist/query-helpers.js:55:13
      at node_modules/@testing-library/dom/dist/query-helpers.js:95:19
      at Object.getByText (src/__tests__/pages/Orders.test.js:42:19)

  ÔùÅ Orders Page ÔÇ║ debe mostrar fecha de la orden

    TestingLibraryElementError: Found multiple elements with the text: /fecha|date|diciembre|2025/i

    Here are the matching elements:

    Ignored nodes: comments, script, style
    [36m<p>[39m
      [0mFecha: 7 de diciembre 2025[0m
    [36m</p>[39m

    Ignored nodes: comments, script, style
    [36m<p>[39m
      [0mFecha: 5 de diciembre 2025[0m
    [36m</p>[39m

    (If this is intentional, then use the `*AllBy*` variant of the query (like `queryAllByText`, `getAllByText`, or 
`findAllByText`)).

    Ignored nodes: comments, script, style
    [36m<body>[39m
      [36m<div>[39m
        [36m<div>[39m
          [36m<h1>[39m
            [0mMis ├│rdenes[0m
          [36m</h1>[39m
          [36m<article>[39m
            [36m<p>[39m
              [0mOrden #001[0m
            [36m</p>[39m
            [36m<p>[39m
              [0mFecha: 7 de diciembre 2025[0m
            [36m</p>[39m
            [36m<p>[39m
              [0mEstado: Entregado[0m
            [36m</p>[39m
            [36m<p>[39m
              [0mTotal: S/. 1500.00[0m
            [36m</p>[39m
            [36m<a[39m
              [33mhref[39m=[32m"/orden/1"[39m
            [36m>[39m
              [0mVer detalles[0m
            [36m</a>[39m
          [36m</article>[39m
          [36m<article>[39m
            [36m<p>[39m
              [0mOrden #002[0m
            [36m</p>[39m
            [36m<p>[39m
              [0mFecha: 5 de diciembre 2025[0m
            [36m</p>[39m
            [36m<p>[39m
              [0mEstado: Procesando[0m
            [36m</p>[39m
            [36m<p>[39m
              [0mTotal: S/. 800.00[0m
            [36m</p>[39m
            [36m<a[39m
              [33mhref[39m=[32m"/orden/2"[39m
            [36m>[39m
              [0mVer detalles[0m
            [36m</a>[39m
          [36m</article>[39m
          [36m<select>[39m
            [36m<option>[39m
              [0mTodos[0m
            [36m</option>[39m
            [36m<option>[39m
              [0mPendiente[0m
            [36m</option>[39m
            [36m<option>[39m
              [0mEntregado[0m
            [36m</option>[39m
          [36m</select>[39m
        [36m</div>[39m
      [36m</div>[39m
    [36m</body>[39m

    [0m [90m 45 |[39m   it([32m'debe mostrar fecha de la orden'[39m[33m,[39m () [33m=>[39m {
     [90m 46 |[39m     render([33m<[39m[33mMockOrders[39m [33m/[39m[33m>[39m)[33m;[39m
    [31m[1m>[22m[39m[90m 47 |[39m     
expect(screen[33m.[39mgetByText([35m/fecha|date|diciembre|2025/i[39m))[33m.[39mtoBeInTheDocument()[33m;[39m
     [90m    |[39m                   [31m[1m^[22m[39m
     [90m 48 |[39m   })[33m;[39m
     [90m 49 |[39m
     [90m 50 |[39m   it([32m'debe mostrar estado de la orden'[39m[33m,[39m () [33m=>[39m {[0m

      at Object.getElementError (node_modules/@testing-library/dom/dist/config.js:37:19)
      at getElementError (node_modules/@testing-library/dom/dist/query-helpers.js:20:35)
      at getMultipleElementsFoundError (node_modules/@testing-library/dom/dist/query-helpers.js:23:10)
      at node_modules/@testing-library/dom/dist/query-helpers.js:55:13
      at node_modules/@testing-library/dom/dist/query-helpers.js:95:19
      at Object.getByText (src/__tests__/pages/Orders.test.js:47:19)

  ÔùÅ Orders Page ÔÇ║ debe mostrar estado de la orden

    TestingLibraryElementError: Found multiple elements with the text: /estado|status|entregado|procesando/i

    Here are the matching elements:

    Ignored nodes: comments, script, style
    [36m<p>[39m
      [0mEstado: Entregado[0m
    [36m</p>[39m

    Ignored nodes: comments, script, style
    [36m<p>[39m
      [0mEstado: Procesando[0m
    [36m</p>[39m

    Ignored nodes: comments, script, style
    [36m<option>[39m
      [0mEntregado[0m
    [36m</option>[39m

    (If this is intentional, then use the `*AllBy*` variant of the query (like `queryAllByText`, `getAllByText`, or 
`findAllByText`)).

    Ignored nodes: comments, script, style
    [36m<body>[39m
      [36m<div>[39m
        [36m<div>[39m
          [36m<h1>[39m
            [0mMis ├│rdenes[0m
          [36m</h1>[39m
          [36m<article>[39m
            [36m<p>[39m
              [0mOrden #001[0m
            [36m</p>[39m
            [36m<p>[39m
              [0mFecha: 7 de diciembre 2025[0m
            [36m</p>[39m
            [36m<p>[39m
              [0mEstado: Entregado[0m
            [36m</p>[39m
            [36m<p>[39m
              [0mTotal: S/. 1500.00[0m
            [36m</p>[39m
            [36m<a[39m
              [33mhref[39m=[32m"/orden/1"[39m
            [36m>[39m
              [0mVer detalles[0m
            [36m</a>[39m
          [36m</article>[39m
          [36m<article>[39m
            [36m<p>[39m
              [0mOrden #002[0m
            [36m</p>[39m
            [36m<p>[39m
              [0mFecha: 5 de diciembre 2025[0m
            [36m</p>[39m
            [36m<p>[39m
              [0mEstado: Procesando[0m
            [36m</p>[39m
            [36m<p>[39m
              [0mTotal: S/. 800.00[0m
            [36m</p>[39m
            [36m<a[39m
              [33mhref[39m=[32m"/orden/2"[39m
            [36m>[39m
              [0mVer detalles[0m
            [36m</a>[39m
          [36m</article>[39m
          [36m<select>[39m
            [36m<option>[39m
              [0mTodos[0m
            [36m</option>[39m
            [36m<option>[39m
              [0mPendiente[0m
            [36m</option>[39m
            [36m<option>[39m
              [0mEntregado[0m
            [36m</option>[39m
          [36m</select>[39m
        [36m</div>[39m
      [36m</div>[39m
    [36m</body>[39m

    [0m [90m 50 |[39m   it([32m'debe mostrar estado de la orden'[39m[33m,[39m () [33m=>[39m {
     [90m 51 |[39m     render([33m<[39m[33mMockOrders[39m [33m/[39m[33m>[39m)[33m;[39m
    [31m[1m>[22m[39m[90m 52 |[39m     expect(screen[33m.[39mgetByText([35m/estado|status|entregado|procesando/i[
39m))[33m.[39mtoBeInTheDocument()[33m;[39m
     [90m    |[39m                   [31m[1m^[22m[39m
     [90m 53 |[39m   })[33m;[39m
     [90m 54 |[39m
     [90m 55 |[39m   it([32m'debe mostrar monto total'[39m[33m,[39m () [33m=>[39m {[0m

      at Object.getElementError (node_modules/@testing-library/dom/dist/config.js:37:19)
      at getElementError (node_modules/@testing-library/dom/dist/query-helpers.js:20:35)
      at getMultipleElementsFoundError (node_modules/@testing-library/dom/dist/query-helpers.js:23:10)
      at node_modules/@testing-library/dom/dist/query-helpers.js:55:13
      at node_modules/@testing-library/dom/dist/query-helpers.js:95:19
      at Object.getByText (src/__tests__/pages/Orders.test.js:52:19)

  ÔùÅ Orders Page ÔÇ║ debe mostrar monto total

    TestingLibraryElementError: Found multiple elements with the text: /s\/.|\d+\.\d{2}/i

    Here are the matching elements:

    Ignored nodes: comments, script, style
    [36m<p>[39m
      [0mTotal: S/. 1500.00[0m
    [36m</p>[39m

    Ignored nodes: comments, script, style
    [36m<p>[39m
      [0mTotal: S/. 800.00[0m
    [36m</p>[39m

    (If this is intentional, then use the `*AllBy*` variant of the query (like `queryAllByText`, `getAllByText`, or 
`findAllByText`)).

    Ignored nodes: comments, script, style
    [36m<body>[39m
      [36m<div>[39m
        [36m<div>[39m
          [36m<h1>[39m
            [0mMis ├│rdenes[0m
          [36m</h1>[39m
          [36m<article>[39m
            [36m<p>[39m
              [0mOrden #001[0m
            [36m</p>[39m
            [36m<p>[39m
              [0mFecha: 7 de diciembre 2025[0m
            [36m</p>[39m
            [36m<p>[39m
              [0mEstado: Entregado[0m
            [36m</p>[39m
            [36m<p>[39m
              [0mTotal: S/. 1500.00[0m
            [36m</p>[39m
            [36m<a[39m
              [33mhref[39m=[32m"/orden/1"[39m
            [36m>[39m
              [0mVer detalles[0m
            [36m</a>[39m
          [36m</article>[39m
          [36m<article>[39m
            [36m<p>[39m
              [0mOrden #002[0m
            [36m</p>[39m
            [36m<p>[39m
              [0mFecha: 5 de diciembre 2025[0m
            [36m</p>[39m
            [36m<p>[39m
              [0mEstado: Procesando[0m
            [36m</p>[39m
            [36m<p>[39m
              [0mTotal: S/. 800.00[0m
            [36m</p>[39m
            [36m<a[39m
              [33mhref[39m=[32m"/orden/2"[39m
            [36m>[39m
              [0mVer detalles[0m
            [36m</a>[39m
          [36m</article>[39m
          [36m<select>[39m
            [36m<option>[39m
              [0mTodos[0m
            [36m</option>[39m
            [36m<option>[39m
              [0mPendiente[0m
            [36m</option>[39m
            [36m<option>[39m
              [0mEntregado[0m
            [36m</option>[39m
          [36m</select>[39m
        [36m</div>[39m
      [36m</div>[39m
    [36m</body>[39m

    [0m [90m 55 |[39m   it([32m'debe mostrar monto total'[39m[33m,[39m () [33m=>[39m {
     [90m 56 |[39m     render([33m<[39m[33mMockOrders[39m [33m/[39m[33m>[39m)[33m;[39m
    [31m[1m>[22m[39m[90m 57 |[39m     
expect(screen[33m.[39mgetByText([35m/s\/.|\d+\.\d{2}/i[39m))[33m.[39mtoBeInTheDocument()[33m;[39m
     [90m    |[39m                   [31m[1m^[22m[39m
     [90m 58 |[39m   })[33m;[39m
     [90m 59 |[39m
     [90m 60 |[39m   it([32m'debe tener enlace para ver detalles'[39m[33m,[39m () [33m=>[39m {[0m

      at Object.getElementError (node_modules/@testing-library/dom/dist/config.js:37:19)
      at getElementError (node_modules/@testing-library/dom/dist/query-helpers.js:20:35)
      at getMultipleElementsFoundError (node_modules/@testing-library/dom/dist/query-helpers.js:23:10)
      at node_modules/@testing-library/dom/dist/query-helpers.js:55:13
      at node_modules/@testing-library/dom/dist/query-helpers.js:95:19
      at Object.getByText (src/__tests__/pages/Orders.test.js:57:19)

FAIL src/__tests__/pages/Profile.test.js
  ÔùÅ Profile Page ÔÇ║ debe mostrar datos del usuario

    TestingLibraryElementError: Found multiple elements with the text: /nombre|email/i

    Here are the matching elements:

    Ignored nodes: comments, script, style
    [36m<p>[39m
      [0mNombre: Juan P├®rez[0m
    [36m</p>[39m

    Ignored nodes: comments, script, style
    [36m<p>[39m
      [0mEmail: juan@ejemplo.com[0m
    [36m</p>[39m

    (If this is intentional, then use the `*AllBy*` variant of the query (like `queryAllByText`, `getAllByText`, or 
`findAllByText`)).

    Ignored nodes: comments, script, style
    [36m<body>[39m
      [36m<div>[39m
        [36m<div>[39m
          [36m<h1>[39m
            [0mMi Perfil[0m
          [36m</h1>[39m
          [36m<section>[39m
            [36m<h2>[39m
              [0mInformaci├│n del usuario[0m
            [36m</h2>[39m
            [36m<p>[39m
              [0mNombre: Juan P├®rez[0m
            [36m</p>[39m
            [36m<p>[39m
              [0mEmail: juan@ejemplo.com[0m
            [36m</p>[39m
            [36m<button>[39m
              [0mEditar[0m
            [36m</button>[39m
          [36m</section>[39m
          [36m<section>[39m
            [36m<h2>[39m
              [0mMis ├│rdenes[0m
            [36m</h2>[39m
            [36m<p>[39m
              [0mPedidos realizados[0m
            [36m</p>[39m
          [36m</section>[39m
          [36m<section>[39m
            [36m<h2>[39m
              [0mDirecci├│n de env├¡o[0m
            [36m</h2>[39m
            [36m<p>[39m
              [0mAv. Principal 123, Lima[0m
            [36m</p>[39m
          [36m</section>[39m
          [36m<section>[39m
            [36m<h2>[39m
              [0mM├®todos de pago[0m
            [36m</h2>[39m
            [36m<p>[39m
              [0mTarjeta **** 1234[0m
            [36m</p>[39m
          [36m</section>[39m
          [36m<section>[39m
            [36m<h2>[39m
              [0mSeguridad[0m
            [36m</h2>[39m
            [36m<p>[39m
              [0mContrase├▒a[0m
            [36m</p>[39m
          [36m</section>[39m
          [36m<button>[39m
            [0mCerrar sesi├│n[0m
          [36m</button>[39m
        [36m</div>[39m
      [36m</div>[39m
    [36m</body>[39m

    [0m [90m 38 |[39m   it([32m'debe mostrar datos del usuario'[39m[33m,[39m () [33m=>[39m {
     [90m 39 |[39m     render([33m<[39m[33mMockProfile[39m [33m/[39m[33m>[39m)[33m;[39m
    [31m[1m>[22m[39m[90m 40 |[39m     
expect(screen[33m.[39mgetByText([35m/nombre|email/i[39m))[33m.[39mtoBeInTheDocument()[33m;[39m
     [90m    |[39m                   [31m[1m^[22m[39m
     [90m 41 |[39m   })[33m;[39m
     [90m 42 |[39m
     [90m 43 |[39m   it([32m'debe tener bot├│n para editar perfil'[39m[33m,[39m () [33m=>[39m {[0m

      at Object.getElementError (node_modules/@testing-library/dom/dist/config.js:37:19)
      at getElementError (node_modules/@testing-library/dom/dist/query-helpers.js:20:35)
      at getMultipleElementsFoundError (node_modules/@testing-library/dom/dist/query-helpers.js:23:10)
      at node_modules/@testing-library/dom/dist/query-helpers.js:55:13
      at node_modules/@testing-library/dom/dist/query-helpers.js:95:19
      at Object.getByText (src/__tests__/pages/Profile.test.js:40:19)

  ÔùÅ Profile Page ÔÇ║ debe mostrar historial de ├│rdenes

    TestingLibraryElementError: Found multiple elements with the text: /├│rdenes|pedidos/i

    Here are the matching elements:

    Ignored nodes: comments, script, style
    [36m<h2>[39m
      [0mMis ├│rdenes[0m
    [36m</h2>[39m

    Ignored nodes: comments, script, style
    [36m<p>[39m
      [0mPedidos realizados[0m
    [36m</p>[39m

    (If this is intentional, then use the `*AllBy*` variant of the query (like `queryAllByText`, `getAllByText`, or 
`findAllByText`)).

    Ignored nodes: comments, script, style
    [36m<body>[39m
      [36m<div>[39m
        [36m<div>[39m
          [36m<h1>[39m
            [0mMi Perfil[0m
          [36m</h1>[39m
          [36m<section>[39m
            [36m<h2>[39m
              [0mInformaci├│n del usuario[0m
            [36m</h2>[39m
            [36m<p>[39m
              [0mNombre: Juan P├®rez[0m
            [36m</p>[39m
            [36m<p>[39m
              [0mEmail: juan@ejemplo.com[0m
            [36m</p>[39m
            [36m<button>[39m
              [0mEditar[0m
            [36m</button>[39m
          [36m</section>[39m
          [36m<section>[39m
            [36m<h2>[39m
              [0mMis ├│rdenes[0m
            [36m</h2>[39m
            [36m<p>[39m
              [0mPedidos realizados[0m
            [36m</p>[39m
          [36m</section>[39m
          [36m<section>[39m
            [36m<h2>[39m
              [0mDirecci├│n de env├¡o[0m
            [36m</h2>[39m
            [36m<p>[39m
              [0mAv. Principal 123, Lima[0m
            [36m</p>[39m
          [36m</section>[39m
          [36m<section>[39m
            [36m<h2>[39m
              [0mM├®todos de pago[0m
            [36m</h2>[39m
            [36m<p>[39m
              [0mTarjeta **** 1234[0m
            [36m</p>[39m
          [36m</section>[39m
          [36m<section>[39m
            [36m<h2>[39m
              [0mSeguridad[0m
            [36m</h2>[39m
            [36m<p>[39m
              [0mContrase├▒a[0m
            [36m</p>[39m
          [36m</section>[39m
          [36m<button>[39m
            [0mCerrar sesi├│n[0m
          [36m</button>[39m
        [36m</div>[39m
      [36m</div>[39m
    [36m</body>[39m

    [0m [90m 48 |[39m   it([32m'debe mostrar historial de ├│rdenes'[39m[33m,[39m () [33m=>[39m {
     [90m 49 |[39m     render([33m<[39m[33mMockProfile[39m [33m/[39m[33m>[39m)[33m;[39m
    [31m[1m>[22m[39m[90m 50 |[39m     
expect(screen[33m.[39mgetByText([35m/├│rdenes|pedidos/i[39m))[33m.[39mtoBeInTheDocument()[33m;[39m
     [90m    |[39m                   [31m[1m^[22m[39m
     [90m 51 |[39m   })[33m;[39m
     [90m 52 |[39m
     [90m 53 |[39m   it([32m'debe mostrar direcci├│n guardada'[39m[33m,[39m () [33m=>[39m {[0m

      at Object.getElementError (node_modules/@testing-library/dom/dist/config.js:37:19)
      at getElementError (node_modules/@testing-library/dom/dist/query-helpers.js:20:35)
      at getMultipleElementsFoundError (node_modules/@testing-library/dom/dist/query-helpers.js:23:10)
      at node_modules/@testing-library/dom/dist/query-helpers.js:55:13
      at node_modules/@testing-library/dom/dist/query-helpers.js:95:19
      at Object.getByText (src/__tests__/pages/Profile.test.js:50:19)

  ÔùÅ Profile Page ÔÇ║ debe mostrar m├®todos de pago guardados

    TestingLibraryElementError: Found multiple elements with the text: /pago|tarjeta|payment/i

    Here are the matching elements:

    Ignored nodes: comments, script, style
    [36m<h2>[39m
      [0mM├®todos de pago[0m
    [36m</h2>[39m

    Ignored nodes: comments, script, style
    [36m<p>[39m
      [0mTarjeta **** 1234[0m
    [36m</p>[39m

    (If this is intentional, then use the `*AllBy*` variant of the query (like `queryAllByText`, `getAllByText`, or 
`findAllByText`)).

    Ignored nodes: comments, script, style
    [36m<body>[39m
      [36m<div>[39m
        [36m<div>[39m
          [36m<h1>[39m
            [0mMi Perfil[0m
          [36m</h1>[39m
          [36m<section>[39m
            [36m<h2>[39m
              [0mInformaci├│n del usuario[0m
            [36m</h2>[39m
            [36m<p>[39m
              [0mNombre: Juan P├®rez[0m
            [36m</p>[39m
            [36m<p>[39m
              [0mEmail: juan@ejemplo.com[0m
            [36m</p>[39m
            [36m<button>[39m
              [0mEditar[0m
            [36m</button>[39m
          [36m</section>[39m
          [36m<section>[39m
            [36m<h2>[39m
              [0mMis ├│rdenes[0m
            [36m</h2>[39m
            [36m<p>[39m
              [0mPedidos realizados[0m
            [36m</p>[39m
          [36m</section>[39m
          [36m<section>[39m
            [36m<h2>[39m
              [0mDirecci├│n de env├¡o[0m
            [36m</h2>[39m
            [36m<p>[39m
              [0mAv. Principal 123, Lima[0m
            [36m</p>[39m
          [36m</section>[39m
          [36m<section>[39m
            [36m<h2>[39m
              [0mM├®todos de pago[0m
            [36m</h2>[39m
            [36m<p>[39m
              [0mTarjeta **** 1234[0m
            [36m</p>[39m
          [36m</section>[39m
          [36m<section>[39m
            [36m<h2>[39m
              [0mSeguridad[0m
            [36m</h2>[39m
            [36m<p>[39m
              [0mContrase├▒a[0m
            [36m</p>[39m
          [36m</section>[39m
          [36m<button>[39m
            [0mCerrar sesi├│n[0m
          [36m</button>[39m
        [36m</div>[39m
      [36m</div>[39m
    [36m</body>[39m

    [0m [90m 58 |[39m   it([32m'debe mostrar m├®todos de pago guardados'[39m[33m,[39m () [33m=>[39m {
     [90m 59 |[39m     render([33m<[39m[33mMockProfile[39m [33m/[39m[33m>[39m)[33m;[39m
    [31m[1m>[22m[39m[90m 60 |[39m     
expect(screen[33m.[39mgetByText([35m/pago|tarjeta|payment/i[39m))[33m.[39mtoBeInTheDocument()[33m;[39m
     [90m    |[39m                   [31m[1m^[22m[39m
     [90m 61 |[39m   })[33m;[39m
     [90m 62 |[39m
     [90m 63 |[39m   it([32m'debe tener secci├│n de seguridad'[39m[33m,[39m () [33m=>[39m {[0m

      at Object.getElementError (node_modules/@testing-library/dom/dist/config.js:37:19)
      at getElementError (node_modules/@testing-library/dom/dist/query-helpers.js:20:35)
      at getMultipleElementsFoundError (node_modules/@testing-library/dom/dist/query-helpers.js:23:10)
      at node_modules/@testing-library/dom/dist/query-helpers.js:55:13
      at node_modules/@testing-library/dom/dist/query-helpers.js:95:19
      at Object.getByText (src/__tests__/pages/Profile.test.js:60:19)

  ÔùÅ Profile Page ÔÇ║ debe tener secci├│n de seguridad

    TestingLibraryElementError: Found multiple elements with the text: /seguridad|contrase├▒a/i

    Here are the matching elements:

    Ignored nodes: comments, script, style
    [36m<h2>[39m
      [0mSeguridad[0m
    [36m</h2>[39m

    Ignored nodes: comments, script, style
    [36m<p>[39m
      [0mContrase├▒a[0m
    [36m</p>[39m

    (If this is intentional, then use the `*AllBy*` variant of the query (like `queryAllByText`, `getAllByText`, or 
`findAllByText`)).

    Ignored nodes: comments, script, style
    [36m<body>[39m
      [36m<div>[39m
        [36m<div>[39m
          [36m<h1>[39m
            [0mMi Perfil[0m
          [36m</h1>[39m
          [36m<section>[39m
            [36m<h2>[39m
              [0mInformaci├│n del usuario[0m
            [36m</h2>[39m
            [36m<p>[39m
              [0mNombre: Juan P├®rez[0m
            [36m</p>[39m
            [36m<p>[39m
              [0mEmail: juan@ejemplo.com[0m
            [36m</p>[39m
            [36m<button>[39m
              [0mEditar[0m
            [36m</button>[39m
          [36m</section>[39m
          [36m<section>[39m
            [36m<h2>[39m
              [0mMis ├│rdenes[0m
            [36m</h2>[39m
            [36m<p>[39m
              [0mPedidos realizados[0m
            [36m</p>[39m
          [36m</section>[39m
          [36m<section>[39m
            [36m<h2>[39m
              [0mDirecci├│n de env├¡o[0m
            [36m</h2>[39m
            [36m<p>[39m
              [0mAv. Principal 123, Lima[0m
            [36m</p>[39m
          [36m</section>[39m
          [36m<section>[39m
            [36m<h2>[39m
              [0mM├®todos de pago[0m
            [36m</h2>[39m
            [36m<p>[39m
              [0mTarjeta **** 1234[0m
            [36m</p>[39m
          [36m</section>[39m
          [36m<section>[39m
            [36m<h2>[39m
              [0mSeguridad[0m
            [36m</h2>[39m
            [36m<p>[39m
              [0mContrase├▒a[0m
            [36m</p>[39m
          [36m</section>[39m
          [36m<button>[39m
            [0mCerrar sesi├│n[0m
          [36m</button>[39m
        [36m</div>[39m
      [36m</div>[39m
    [36m</body>[39m

    [0m [90m 63 |[39m   it([32m'debe tener secci├│n de seguridad'[39m[33m,[39m () [33m=>[39m {
     [90m 64 |[39m     render([33m<[39m[33mMockProfile[39m [33m/[39m[33m>[39m)[33m;[39m
    [31m[1m>[22m[39m[90m 65 |[39m     
expect(screen[33m.[39mgetByText([35m/seguridad|contrase├▒a/i[39m))[33m.[39mtoBeInTheDocument()[33m;[39m
     [90m    |[39m                   [31m[1m^[22m[39m
     [90m 66 |[39m   })[33m;[39m
     [90m 67 |[39m
     [90m 68 |[39m   it([32m'debe tener opci├│n de logout'[39m[33m,[39m () [33m=>[39m {[0m

      at Object.getElementError (node_modules/@testing-library/dom/dist/config.js:37:19)
      at getElementError (node_modules/@testing-library/dom/dist/query-helpers.js:20:35)
      at getMultipleElementsFoundError (node_modules/@testing-library/dom/dist/query-helpers.js:23:10)
      at node_modules/@testing-library/dom/dist/query-helpers.js:55:13
      at node_modules/@testing-library/dom/dist/query-helpers.js:95:19
      at Object.getByText (src/__tests__/pages/Profile.test.js:65:19)

FAIL src/__tests__/pages/Cart.test.js
  ÔùÅ Cart Page ÔÇ║ debe renderizar la p├ígina del carrito

    TestingLibraryElementError: Found multiple elements with the text: /carrito/i

    Here are the matching elements:

    Ignored nodes: comments, script, style
    [36m<h1>[39m
      [0mCarrito[0m
    [36m</h1>[39m

    Ignored nodes: comments, script, style
    [36m<div>[39m
      [0mCarrito vac├¡o - No hay productos[0m
    [36m</div>[39m

    (If this is intentional, then use the `*AllBy*` variant of the query (like `queryAllByText`, `getAllByText`, or 
`findAllByText`)).

    Ignored nodes: comments, script, style
    [36m<body>[39m
      [36m<div>[39m
        [36m<div>[39m
          [36m<h1>[39m
            [0mCarrito[0m
          [36m</h1>[39m
          [36m<div>[39m
            [0mCarrito vac├¡o - No hay productos[0m
          [36m</div>[39m
          [36m<table>[39m
            [36m<thead>[39m
              [36m<tr>[39m
                [36m<th>[39m
                  [0mProducto[0m
                [36m</th>[39m
                [36m<th>[39m
                  [0mPrecio[0m
                [36m</th>[39m
              [36m</tr>[39m
            [36m</thead>[39m
          [36m</table>[39m
          [36m<div>[39m
            [0mTotal: S/. 0.00[0m
          [36m</div>[39m
          [36m<button>[39m
            [0mContinuar comprando[0m
          [36m</button>[39m
          [36m<button>[39m
            [0mProceder al checkout[0m
          [36m</button>[39m
        [36m</div>[39m
      [36m</div>[39m
    [36m</body>[39m

    [0m [90m 20 |[39m   it([32m'debe renderizar la p├ígina del carrito'[39m[33m,[39m () [33m=>[39m {
     [90m 21 |[39m     render([33m<[39m[33mMockCart[39m [33m/[39m[33m>[39m)[33m;[39m
    [31m[1m>[22m[39m[90m 22 |[39m     
expect(screen[33m.[39mgetByText([35m/carrito/i[39m))[33m.[39mtoBeInTheDocument()[33m;[39m
     [90m    |[39m                   [31m[1m^[22m[39m
     [90m 23 |[39m   })[33m;[39m
     [90m 24 |[39m
     [90m 25 |[39m   it([32m'debe mostrar mensaje cuando est├í vac├¡o'[39m[33m,[39m () [33m=>[39m {[0m

      at Object.getElementError (node_modules/@testing-library/dom/dist/config.js:37:19)
      at getElementError (node_modules/@testing-library/dom/dist/query-helpers.js:20:35)
      at getMultipleElementsFoundError (node_modules/@testing-library/dom/dist/query-helpers.js:23:10)
      at node_modules/@testing-library/dom/dist/query-helpers.js:55:13
      at node_modules/@testing-library/dom/dist/query-helpers.js:95:19
      at Object.getByText (src/__tests__/pages/Cart.test.js:22:19)

FAIL src/__tests__/components/ShippingAddresses.test.js
  ÔùÅ ShippingAddresses Component ÔÇ║ debe renderizar la lista de direcciones

    TestingLibraryElementError: Unable to find an element with the text: /av. principal 123/i. This could be because the 
text is broken up by multiple elements. In this case, you can provide a function for your text matcher to make your 
matcher more flexible.

    Ignored nodes: comments, script, style
    [36m<body>[39m
      [36m<div>[39m
        [36m<mockshippingaddresses />[39m
      [36m</div>[39m
    [36m</body>[39m

    [0m [90m 38 |[39m   it([32m'debe renderizar la lista de direcciones'[39m[33m,[39m () [33m=>[39m {
     [90m 39 |[39m     render([33m<[39m[33mmockShippingAddresses[39m [33m/[39m[33m>[39m)[33m;[39m
    [31m[1m>[22m[39m[90m 40 |[39m     expect(screen[33m.[39mgetByText([35m/av. principal 
123/i[39m))[33m.[39mtoBeInTheDocument()[33m;[39m
     [90m    |[39m                   [31m[1m^[22m[39m
     [90m 41 |[39m     expect(screen[33m.[39mgetByText([35m/av. secundaria 
456/i[39m))[33m.[39mtoBeInTheDocument()[33m;[39m
     [90m 42 |[39m   })[33m;[39m
     [90m 43 |[39m[0m

      at Object.getElementError (node_modules/@testing-library/dom/dist/config.js:37:19)
      at node_modules/@testing-library/dom/dist/query-helpers.js:76:38
      at node_modules/@testing-library/dom/dist/query-helpers.js:52:17
      at node_modules/@testing-library/dom/dist/query-helpers.js:95:19
      at Object.getByText (src/__tests__/components/ShippingAddresses.test.js:40:19)

  ÔùÅ ShippingAddresses Component ÔÇ║ debe marcar la direcci├│n por defecto

    TestingLibraryElementError: Unable to find an element with the text: /por defecto|default/i. This could be because 
the text is broken up by multiple elements. In this case, you can provide a function for your text matcher to make your 
matcher more flexible.

    Ignored nodes: comments, script, style
    [36m<body>[39m
      [36m<div>[39m
        [36m<mockshippingaddresses />[39m
      [36m</div>[39m
    [36m</body>[39m

    [0m [90m 44 |[39m   it([32m'debe marcar la direcci├│n por defecto'[39m[33m,[39m () [33m=>[39m {
     [90m 45 |[39m     render([33m<[39m[33mmockShippingAddresses[39m [33m/[39m[33m>[39m)[33m;[39m
    [31m[1m>[22m[39m[90m 46 |[39m     expect(screen[33m.[39mgetByText([35m/por 
defecto|default/i[39m))[33m.[39mtoBeInTheDocument()[33m;[39m
     [90m    |[39m                   [31m[1m^[22m[39m
     [90m 47 |[39m   })[33m;[39m
     [90m 48 |[39m
     [90m 49 |[39m   it([32m'debe mostrar city y state'[39m[33m,[39m () [33m=>[39m {[0m

      at Object.getElementError (node_modules/@testing-library/dom/dist/config.js:37:19)
      at node_modules/@testing-library/dom/dist/query-helpers.js:76:38
      at node_modules/@testing-library/dom/dist/query-helpers.js:52:17
      at node_modules/@testing-library/dom/dist/query-helpers.js:95:19
      at Object.getByText (src/__tests__/components/ShippingAddresses.test.js:46:19)

  ÔùÅ ShippingAddresses Component ÔÇ║ debe mostrar city y state

    TestingLibraryElementError: Unable to find an element with the text: /lima|arequipa/i. This could be because the text 
is broken up by multiple elements. In this case, you can provide a function for your text matcher to make your matcher 
more flexible.

    Ignored nodes: comments, script, style
    [36m<body>[39m
      [36m<div>[39m
        [36m<mockshippingaddresses />[39m
      [36m</div>[39m
    [36m</body>[39m

    [0m [90m 49 |[39m   it([32m'debe mostrar city y state'[39m[33m,[39m () [33m=>[39m {
     [90m 50 |[39m     render([33m<[39m[33mmockShippingAddresses[39m [33m/[39m[33m>[39m)[33m;[39m
    [31m[1m>[22m[39m[90m 51 |[39m     
expect(screen[33m.[39mgetByText([35m/lima|arequipa/i[39m))[33m.[39mtoBeInTheDocument()[33m;[39m
     [90m    |[39m                   [31m[1m^[22m[39m
     [90m 52 |[39m   })[33m;[39m
     [90m 53 |[39m
     [90m 54 |[39m   it([32m'debe tener bot├│n seleccionar para cada direcci├│n'[39m[33m,[39m () [33m=>[39m {[0m

      at Object.getElementError (node_modules/@testing-library/dom/dist/config.js:37:19)
      at node_modules/@testing-library/dom/dist/query-helpers.js:76:38
      at node_modules/@testing-library/dom/dist/query-helpers.js:52:17
      at node_modules/@testing-library/dom/dist/query-helpers.js:95:19
      at Object.getByText (src/__tests__/components/ShippingAddresses.test.js:51:19)

  ÔùÅ ShippingAddresses Component ÔÇ║ debe tener bot├│n seleccionar para cada direcci├│n

    TestingLibraryElementError: Unable to find an accessible element with the role "button" and name `/seleccionar/i`

    There are no accessible roles. But there might be some inaccessible roles. If you wish to access them, then set the 
`hidden` option to `true`. Learn more about this here: 
https://testing-library.com/docs/dom-testing-library/api-queries#byrole

    Ignored nodes: comments, script, style
    [36m<body>[39m
      [36m<div>[39m
        [36m<mockshippingaddresses />[39m
      [36m</div>[39m
    [36m</body>[39m

    [0m [90m 54 |[39m   it([32m'debe tener bot├│n seleccionar para cada direcci├│n'[39m[33m,[39m () [33m=>[39m {
     [90m 55 |[39m     render([33m<[39m[33mmockShippingAddresses[39m [33m/[39m[33m>[39m)[33m;[39m
    [31m[1m>[22m[39m[90m 56 |[39m     [36mconst[39m buttons [33m=[39m 
screen[33m.[39mgetAllByRole([32m'button'[39m[33m,[39m { name[33m:[39m [35m/seleccionar/i[39m })[33m;[39m
     [90m    |[39m                            [31m[1m^[22m[39m
     [90m 57 |[39m     expect(buttons[33m.[39mlength)[33m.[39mtoBeGreaterThan([35m0[39m)[33m;[39m
     [90m 58 |[39m   })[33m;[39m
     [90m 59 |[39m[0m

      at Object.getElementError (node_modules/@testing-library/dom/dist/config.js:37:19)
      at node_modules/@testing-library/dom/dist/query-helpers.js:76:38
      at node_modules/@testing-library/dom/dist/query-helpers.js:109:15
      at Object.getAllByRole (src/__tests__/components/ShippingAddresses.test.js:56:28)

  ÔùÅ ShippingAddresses Component ÔÇ║ debe tener bot├│n para agregar nueva direcci├│n

    TestingLibraryElementError: Unable to find an accessible element with the role "button" and name `/agregar 
direcci├│n|nueva direcci├│n/i`

    There are no accessible roles. But there might be some inaccessible roles. If you wish to access them, then set the 
`hidden` option to `true`. Learn more about this here: 
https://testing-library.com/docs/dom-testing-library/api-queries#byrole

    Ignored nodes: comments, script, style
    [36m<body>[39m
      [36m<div>[39m
        [36m<mockshippingaddresses />[39m
      [36m</div>[39m
    [36m</body>[39m

    [0m [90m 60 |[39m   it([32m'debe tener bot├│n para agregar nueva direcci├│n'[39m[33m,[39m () [33m=>[39m {
     [90m 61 |[39m     render([33m<[39m[33mmockShippingAddresses[39m [33m/[39m[33m>[39m)[33m;[39m
    [31m[1m>[22m[39m[90m 62 |[39m     expect(screen[33m.[39mgetByRole([32m'button'[39m[33m,[39m { 
name[33m:[39m [35m/agregar direcci├│n|nueva direcci├│n/i[39m }))[33m.[39mtoBeInTheDocument()[33m;[39m
     [90m    |[39m                   [31m[1m^[22m[39m
     [90m 63 |[39m   })[33m;[39m
     [90m 64 |[39m })[33m;[39m
     [90m 65 |[39m[0m

      at Object.getElementError (node_modules/@testing-library/dom/dist/config.js:37:19)
      at node_modules/@testing-library/dom/dist/query-helpers.js:76:38
      at node_modules/@testing-library/dom/dist/query-helpers.js:52:17
      at node_modules/@testing-library/dom/dist/query-helpers.js:95:19
      at Object.getByRole (src/__tests__/components/ShippingAddresses.test.js:62:19)

FAIL src/__tests__/pages/Checkout.test.js
  ÔùÅ Checkout Page ÔÇ║ debe mostrar formulario de direcci├│n

    TestingLibraryElementError: Found multiple elements with the text: /direcci├│n|env├¡o|shipping/i

    Here are the matching elements:

    Ignored nodes: comments, script, style
    [36m<h2>[39m
      [0mDirecci├│n de env├¡o[0m
    [36m</h2>[39m

    Ignored nodes: comments, script, style
    [36m<h2>[39m
      [0mOpciones de env├¡o[0m
    [36m</h2>[39m

    Ignored nodes: comments, script, style
    [36m<option>[39m
      [0mEnv├¡o est├índar[0m
    [36m</option>[39m

    (If this is intentional, then use the `*AllBy*` variant of the query (like `queryAllByText`, `getAllByText`, or 
`findAllByText`)).

    Ignored nodes: comments, script, style
    [36m<body>[39m
      [36m<div>[39m
        [36m<div>[39m
          [36m<h1>[39m
            [0mCheckout[0m
          [36m</h1>[39m
          [36m<form>[39m
            [36m<section>[39m
              [36m<h2>[39m
                [0mDirecci├│n de env├¡o[0m
              [36m</h2>[39m
              [36m<input[39m
                [33mplaceholder[39m=[32m"Calle"[39m
              [36m/>[39m
              [36m<input[39m
                [33mplaceholder[39m=[32m"Ciudad"[39m
              [36m/>[39m
            [36m</section>[39m
            [36m<section>[39m
              [36m<h2>[39m
                [0mOpciones de env├¡o[0m
              [36m</h2>[39m
              [36m<select>[39m
                [36m<option>[39m
                  [0mEnv├¡o est├índar[0m
                [36m</option>[39m
              [36m</select>[39m
            [36m</section>[39m
            [36m<section>[39m
              [36m<h2>[39m
                [0mPago[0m
              [36m</h2>[39m
              [36m<input[39m
                [33mplaceholder[39m=[32m"N├║mero de tarjeta"[39m
              [36m/>[39m
            [36m</section>[39m
            [36m<section>[39m
              [36m<h2>[39m
                [0mResumen de orden[0m
              [36m</h2>[39m
              [36m<p>[39m
                [0mTotal: S/. 1500.00[0m
              [36m</p>[39m
            [36m</section>[39m
            [36m<button[39m
              [33mtype[39m=[32m"submit"[39m
            [36m>[39m
              [0mConfirmar pedido[0m
            [36m</button>[39m
          [36m</form>[39m
        [36m</div>[39m
      [36m</div>[39m
    [36m</body>[39m

    [0m [90m 36 |[39m   it([32m'debe mostrar formulario de direcci├│n'[39m[33m,[39m () [33m=>[39m {
     [90m 37 |[39m     render([33m<[39m[33mMockCheckout[39m [33m/[39m[33m>[39m)[33m;[39m
    [31m[1m>[22m[39m[90m 38 |[39m     
expect(screen[33m.[39mgetByText([35m/direcci├│n|env├¡o|shipping/i[39m))[33m.[39mtoBeInTheDocument()[33m;[39m
     [90m    |[39m                   [31m[1m^[22m[39m
     [90m 39 |[39m   })[33m;[39m
     [90m 40 |[39m
     [90m 41 |[39m   it([32m'debe mostrar campos de direcci├│n'[39m[33m,[39m () [33m=>[39m {[0m

      at Object.getElementError (node_modules/@testing-library/dom/dist/config.js:37:19)
      at getElementError (node_modules/@testing-library/dom/dist/query-helpers.js:20:35)
      at getMultipleElementsFoundError (node_modules/@testing-library/dom/dist/query-helpers.js:23:10)
      at node_modules/@testing-library/dom/dist/query-helpers.js:55:13
      at node_modules/@testing-library/dom/dist/query-helpers.js:95:19
      at Object.getByText (src/__tests__/pages/Checkout.test.js:38:19)

  ÔùÅ Checkout Page ÔÇ║ debe mostrar opciones de env├¡o

    TestingLibraryElementError: Found multiple elements with the text: /env├¡o|shipping|entrega/i

    Here are the matching elements:

    Ignored nodes: comments, script, style
    [36m<h2>[39m
      [0mDirecci├│n de env├¡o[0m
    [36m</h2>[39m

    Ignored nodes: comments, script, style
    [36m<h2>[39m
      [0mOpciones de env├¡o[0m
    [36m</h2>[39m

    Ignored nodes: comments, script, style
    [36m<option>[39m
      [0mEnv├¡o est├índar[0m
    [36m</option>[39m

    (If this is intentional, then use the `*AllBy*` variant of the query (like `queryAllByText`, `getAllByText`, or 
`findAllByText`)).

    Ignored nodes: comments, script, style
    [36m<body>[39m
      [36m<div>[39m
        [36m<div>[39m
          [36m<h1>[39m
            [0mCheckout[0m
          [36m</h1>[39m
          [36m<form>[39m
            [36m<section>[39m
              [36m<h2>[39m
                [0mDirecci├│n de env├¡o[0m
              [36m</h2>[39m
              [36m<input[39m
                [33mplaceholder[39m=[32m"Calle"[39m
              [36m/>[39m
              [36m<input[39m
                [33mplaceholder[39m=[32m"Ciudad"[39m
              [36m/>[39m
            [36m</section>[39m
            [36m<section>[39m
              [36m<h2>[39m
                [0mOpciones de env├¡o[0m
              [36m</h2>[39m
              [36m<select>[39m
                [36m<option>[39m
                  [0mEnv├¡o est├índar[0m
                [36m</option>[39m
              [36m</select>[39m
            [36m</section>[39m
            [36m<section>[39m
              [36m<h2>[39m
                [0mPago[0m
              [36m</h2>[39m
              [36m<input[39m
                [33mplaceholder[39m=[32m"N├║mero de tarjeta"[39m
              [36m/>[39m
            [36m</section>[39m
            [36m<section>[39m
              [36m<h2>[39m
                [0mResumen de orden[0m
              [36m</h2>[39m
              [36m<p>[39m
                [0mTotal: S/. 1500.00[0m
              [36m</p>[39m
            [36m</section>[39m
            [36m<button[39m
              [33mtype[39m=[32m"submit"[39m
            [36m>[39m
              [0mConfirmar pedido[0m
            [36m</button>[39m
          [36m</form>[39m
        [36m</div>[39m
      [36m</div>[39m
    [36m</body>[39m

    [0m [90m 47 |[39m   it([32m'debe mostrar opciones de env├¡o'[39m[33m,[39m () [33m=>[39m {
     [90m 48 |[39m     render([33m<[39m[33mMockCheckout[39m [33m/[39m[33m>[39m)[33m;[39m
    [31m[1m>[22m[39m[90m 49 |[39m     
expect(screen[33m.[39mgetByText([35m/env├¡o|shipping|entrega/i[39m))[33m.[39mtoBeInTheDocument()[33m;[39m
     [90m    |[39m                   [31m[1m^[22m[39m
     [90m 50 |[39m   })[33m;[39m
     [90m 51 |[39m
     [90m 52 |[39m   it([32m'debe mostrar formulario de pago'[39m[33m,[39m () [33m=>[39m {[0m

      at Object.getElementError (node_modules/@testing-library/dom/dist/config.js:37:19)
      at getElementError (node_modules/@testing-library/dom/dist/query-helpers.js:20:35)
      at getMultipleElementsFoundError (node_modules/@testing-library/dom/dist/query-helpers.js:23:10)
      at node_modules/@testing-library/dom/dist/query-helpers.js:55:13
      at node_modules/@testing-library/dom/dist/query-helpers.js:95:19
      at Object.getByText (src/__tests__/pages/Checkout.test.js:49:19)

  ÔùÅ Checkout Page ÔÇ║ debe mostrar resumen de orden

    TestingLibraryElementError: Found multiple elements with the text: /resumen|orden|summary|total/i

    Here are the matching elements:

    Ignored nodes: comments, script, style
    [36m<h2>[39m
      [0mResumen de orden[0m
    [36m</h2>[39m

    Ignored nodes: comments, script, style
    [36m<p>[39m
      [0mTotal: S/. 1500.00[0m
    [36m</p>[39m

    (If this is intentional, then use the `*AllBy*` variant of the query (like `queryAllByText`, `getAllByText`, or 
`findAllByText`)).

    Ignored nodes: comments, script, style
    [36m<body>[39m
      [36m<div>[39m
        [36m<div>[39m
          [36m<h1>[39m
            [0mCheckout[0m
          [36m</h1>[39m
          [36m<form>[39m
            [36m<section>[39m
              [36m<h2>[39m
                [0mDirecci├│n de env├¡o[0m
              [36m</h2>[39m
              [36m<input[39m
                [33mplaceholder[39m=[32m"Calle"[39m
              [36m/>[39m
              [36m<input[39m
                [33mplaceholder[39m=[32m"Ciudad"[39m
              [36m/>[39m
            [36m</section>[39m
            [36m<section>[39m
              [36m<h2>[39m
                [0mOpciones de env├¡o[0m
              [36m</h2>[39m
              [36m<select>[39m
                [36m<option>[39m
                  [0mEnv├¡o est├índar[0m
                [36m</option>[39m
              [36m</select>[39m
            [36m</section>[39m
            [36m<section>[39m
              [36m<h2>[39m
                [0mPago[0m
              [36m</h2>[39m
              [36m<input[39m
                [33mplaceholder[39m=[32m"N├║mero de tarjeta"[39m
              [36m/>[39m
            [36m</section>[39m
            [36m<section>[39m
              [36m<h2>[39m
                [0mResumen de orden[0m
              [36m</h2>[39m
              [36m<p>[39m
                [0mTotal: S/. 1500.00[0m
              [36m</p>[39m
            [36m</section>[39m
            [36m<button[39m
              [33mtype[39m=[32m"submit"[39m
            [36m>[39m
              [0mConfirmar pedido[0m
            [36m</button>[39m
          [36m</form>[39m
        [36m</div>[39m
      [36m</div>[39m
    [36m</body>[39m

    [0m [90m 57 |[39m   it([32m'debe mostrar resumen de orden'[39m[33m,[39m () [33m=>[39m {
     [90m 58 |[39m     render([33m<[39m[33mMockCheckout[39m [33m/[39m[33m>[39m)[33m;[39m
    [31m[1m>[22m[39m[90m 59 |[39m     
expect(screen[33m.[39mgetByText([35m/resumen|orden|summary|total/i[39m))[33m.[39mtoBeInTheDocument()[33m;[39m
     [90m    |[39m                   [31m[1m^[22m[39m
     [90m 60 |[39m   })[33m;[39m
     [90m 61 |[39m
     [90m 62 |[39m   it([32m'debe tener bot├│n confirmar pedido'[39m[33m,[39m () [33m=>[39m {[0m

      at Object.getElementError (node_modules/@testing-library/dom/dist/config.js:37:19)
      at getElementError (node_modules/@testing-library/dom/dist/query-helpers.js:20:35)
      at getMultipleElementsFoundError (node_modules/@testing-library/dom/dist/query-helpers.js:23:10)
      at node_modules/@testing-library/dom/dist/query-helpers.js:55:13
      at node_modules/@testing-library/dom/dist/query-helpers.js:95:19
      at Object.getByText (src/__tests__/pages/Checkout.test.js:59:19)

FAIL src/__tests__/pages/Login.test.js
  ÔùÅ Login Page ÔÇ║ debe renderizar la p├ígina de login

    TestingLibraryElementError: Found multiple elements with the text: /iniciar|ingresa|login/i

    Here are the matching elements:

    Ignored nodes: comments, script, style
    [36m<h1>[39m
      [0mIniciar sesi├│n[0m
    [36m</h1>[39m

    Ignored nodes: comments, script, style
    [36m<button[39m
      [33mtype[39m=[32m"submit"[39m
    [36m>[39m
      [0mIniciar sesi├│n[0m
    [36m</button>[39m

    (If this is intentional, then use the `*AllBy*` variant of the query (like `queryAllByText`, `getAllByText`, or 
`findAllByText`)).

    Ignored nodes: comments, script, style
    [36m<body>[39m
      [36m<div>[39m
        [36m<div>[39m
          [36m<h1>[39m
            [0mIniciar sesi├│n[0m
          [36m</h1>[39m
          [36m<form>[39m
            [36m<input[39m
              [33mplaceholder[39m=[32m"Email"[39m
            [36m/>[39m
            [36m<input[39m
              [33mplaceholder[39m=[32m"Contrase├▒a"[39m
              [33mtype[39m=[32m"password"[39m
            [36m/>[39m
            [36m<label>[39m
              [36m<input[39m
                [33mtype[39m=[32m"checkbox"[39m
              [36m/>[39m
              [0m Recordar sesi├│n[0m
            [36m</label>[39m
            [36m<button[39m
              [33mtype[39m=[32m"submit"[39m
            [36m>[39m
              [0mIniciar sesi├│n[0m
            [36m</button>[39m
          [36m</form>[39m
          [36m<a[39m
            [33mhref[39m=[32m"/signup"[39m
          [36m>[39m
            [0mRegistrarse[0m
          [36m</a>[39m
          [36m<a[39m
            [33mhref[39m=[32m"/forgot"[39m
          [36m>[39m
            [0m┬┐Olvide la contrase├▒a?[0m
          [36m</a>[39m
        [36m</div>[39m
      [36m</div>[39m
    [36m</body>[39m

    [0m [90m 21 |[39m   it([32m'debe renderizar la p├ígina de login'[39m[33m,[39m () [33m=>[39m {
     [90m 22 |[39m     render([33m<[39m[33mMockLogin[39m [33m/[39m[33m>[39m)[33m;[39m
    [31m[1m>[22m[39m[90m 23 |[39m     
expect(screen[33m.[39mgetByText([35m/iniciar|ingresa|login/i[39m))[33m.[39mtoBeInTheDocument()[33m;[39m
     [90m    |[39m                   [31m[1m^[22m[39m
     [90m 24 |[39m   })[33m;[39m
     [90m 25 |[39m
     [90m 26 |[39m   it([32m'debe mostrar campo email'[39m[33m,[39m () [33m=>[39m {[0m

      at Object.getElementError (node_modules/@testing-library/dom/dist/config.js:37:19)
      at getElementError (node_modules/@testing-library/dom/dist/query-helpers.js:20:35)
      at getMultipleElementsFoundError (node_modules/@testing-library/dom/dist/query-helpers.js:23:10)
      at node_modules/@testing-library/dom/dist/query-helpers.js:55:13
      at node_modules/@testing-library/dom/dist/query-helpers.js:95:19
      at Object.getByText (src/__tests__/pages/Login.test.js:23:19)

FAIL src/__tests__/components/Spinner.test.js
  ÔùÅ Spinner Component ÔÇ║ debe aplicar tama├▒o peque├▒o correctamente

    expect(received).toBeInTheDocument()

    received value must be an HTMLElement or an SVGElement.
    Received has value: null

    [0m [90m 27 |[39m     [36mconst[39m { container } [33m=[39m render([33m<[39m[33mSpinner[39m 
size[33m=[39m[32m"small"[39m [33m/[39m[33m>[39m)[33m;[39m
     [90m 28 |[39m     [36mconst[39m spinner [33m=[39m 
container[33m.[39mquerySelector([32m'.w-6'[39m)[33m;[39m
    [31m[1m>[22m[39m[90m 29 |[39m     expect(spinner)[33m.[39mtoBeInTheDocument()[33m;[39m
     [90m    |[39m                     [31m[1m^[22m[39m
     [90m 30 |[39m   })[33m;[39m
     [90m 31 |[39m
     [90m 32 |[39m   it([32m'debe aplicar tama├▒o grande correctamente'[39m[33m,[39m () [33m=>[39m {[0m

      at __EXTERNAL_MATCHER_TRAP__ (node_modules/expect/build/index.js:2240:22)
      at Object.throwingMatcher [as toBeInTheDocument] (node_modules/expect/build/index.js:2241:6)
      at Object.toBeInTheDocument (src/__tests__/components/Spinner.test.js:29:21)

  ÔùÅ Spinner Component ÔÇ║ debe aplicar tama├▒o grande correctamente

    expect(received).toBeInTheDocument()

    received value must be an HTMLElement or an SVGElement.
    Received has value: null

    [0m [90m 33 |[39m     [36mconst[39m { container } [33m=[39m render([33m<[39m[33mSpinner[39m 
size[33m=[39m[32m"large"[39m [33m/[39m[33m>[39m)[33m;[39m
     [90m 34 |[39m     [36mconst[39m spinner [33m=[39m 
container[33m.[39mquerySelector([32m'.w-12'[39m)[33m;[39m
    [31m[1m>[22m[39m[90m 35 |[39m     expect(spinner)[33m.[39mtoBeInTheDocument()[33m;[39m
     [90m    |[39m                     [31m[1m^[22m[39m
     [90m 36 |[39m   })[33m;[39m
     [90m 37 |[39m })[33m;[39m
     [90m 38 |[39m[0m

      at __EXTERNAL_MATCHER_TRAP__ (node_modules/expect/build/index.js:2240:22)
      at Object.throwingMatcher [as toBeInTheDocument] (node_modules/expect/build/index.js:2241:6)
      at Object.toBeInTheDocument (src/__tests__/components/Spinner.test.js:35:21)

FAIL src/__tests__/components/SearchBar.test.js
  ÔùÅ SearchBar Component ÔÇ║ debe llamar onSearch cuando se hace submit

    expect(jest.fn()).toHaveBeenCalledWith(...expected)

    Expected: "laptops"

    Number of calls: 0

    [0m [90m 23 |[39m     [36mawait[39m user[33m.[39mkeyboard([32m'{Enter}'[39m)[33m;[39m
     [90m 24 |[39m     
    [31m[1m>[22m[39m[90m 25 |[39m     
expect(handleSearch)[33m.[39mtoHaveBeenCalledWith([32m'laptops'[39m)[33m;[39m
     [90m    |[39m                          [31m[1m^[22m[39m
     [90m 26 |[39m   })[33m;[39m
     [90m 27 |[39m
     [90m 28 |[39m   it([32m'debe renderizar el ├¡cono de b├║squeda'[39m[33m,[39m () [33m=>[39m {[0m

      at Object.toHaveBeenCalledWith (src/__tests__/components/SearchBar.test.js:25:26)

FAIL src/__tests__/components/PaymentForm.test.js
  ÔùÅ PaymentForm Component ÔÇ║ debe validar campos requeridos antes de submit

    expect(jest.fn()).not.toHaveBeenCalled()

    Expected number of calls: 0
    Received number of calls: 1

    1: {"_reactName": "onSubmit", "_targetInst": null, "bubbles": true, "cancelable": true, "currentTarget": null, 
"defaultPrevented": false, "eventPhase": 3, "isDefaultPrevented": [Function functionThatReturnsFalse], 
"isPropagationStopped": [Function functionThatReturnsFalse], "isTrusted": true, "nativeEvent": {"isTrusted": true}, 
"target": <form><label>Pago</label><input placeholder="N├║mero de tarjeta" /><input placeholder="Titular" /><input 
placeholder="mm/yy" /><input placeholder="CVV" /><button type="submit">Pagar</button></form>, "timeStamp": 1765135625070, 
"type": "submit"}

    [0m [90m 42 |[39m     [36mawait[39m user[33m.[39mclick(submitButton)[33m;[39m
     [90m 43 |[39m     
    [31m[1m>[22m[39m[90m 44 |[39m     expect(handleSubmit)[33m.[39mnot[33m.[39mtoHaveBeenCalled()[33m;[39m
     [90m    |[39m                              [31m[1m^[22m[39m
     [90m 45 |[39m   })[33m;[39m
     [90m 46 |[39m
     [90m 47 |[39m   it([32m'debe formatear n├║mero de tarjeta con espacios'[39m[33m,[39m [36masync[39m () 
[33m=>[39m {[0m

      at Object.toHaveBeenCalled (src/__tests__/components/PaymentForm.test.js:44:30)

  ÔùÅ PaymentForm Component ÔÇ║ debe formatear n├║mero de tarjeta con espacios

    expect(received).toMatch(expected)

    Expected pattern: /\d{4}\s\d{4}\s\d{4}\s\d{4}/
    Received string:  "4111111111111111"

    [0m [90m 52 |[39m     [36mawait[39m user[33m.[39mtype(cardInput[33m,[39m 
[32m'4111111111111111'[39m)[33m;[39m
     [90m 53 |[39m     
    [31m[1m>[22m[39m[90m 54 |[39m     
expect(cardInput[33m.[39mvalue)[33m.[39mtoMatch([35m/\d{4}\s\d{4}\s\d{4}\s\d{4}/[39m)[33m;[39m
     [90m    |[39m                             [31m[1m^[22m[39m
     [90m 55 |[39m   })[33m;[39m
     [90m 56 |[39m })[33m;[39m
     [90m 57 |[39m[0m

      at Object.toMatch (src/__tests__/components/PaymentForm.test.js:54:29)

FAIL src/__tests__/components/Breadcrumb.test.js
  ÔùÅ Test suite failed to run

    Jest encountered an unexpected token

    Jest failed to parse a file. This happens e.g. when your code or its dependencies use non-standard JavaScript syntax, 
or when Jest is not configured to support such syntax.

    Out of the box Jest supports Babel, which will be used to transform your files into valid JS based on your Babel 
configuration.

    By default "node_modules" folder is ignored by transformers.

    Here's what you can do:
     ÔÇó If you are trying to use ECMAScript Modules, see https://jestjs.io/docs/ecmascript-modules for how to enable it.
     ÔÇó If you are trying to use TypeScript, see https://jestjs.io/docs/getting-started#using-typescript
     ÔÇó To have some of your "node_modules" files transformed, you can specify a custom "transformIgnorePatterns" in 
your config.
     ÔÇó If you need a custom transformation, specify a "transform" option in your config.
     ÔÇó If you simply want to mock your non-JS modules (e.g. binary assets) you can stub them out with the 
"moduleNameMapper" config option.

    You'll find more details and examples of these config options in the docs:
    https://jestjs.io/docs/configuration
    For information about custom transformations, see:
    https://jestjs.io/docs/code-transformation

    Details:

    SyntaxError: C:\Users\di_vi\MiAppVentas\frontend\src\__tests__\components\Breadcrumb.test.js: Unexpected token (59:0)

    [0m [90m 57 |[39m   })[33m;[39m
     [90m 58 |[39m   })[33m;[39m
    [31m[1m>[22m[39m[90m 59 |[39m })[33m;[39m
     [90m    |[39m [31m[1m^[22m[39m
     [90m 60 |[39m[0m

      at constructor (node_modules/@babel/parser/src/parse-error.ts:95:45)
      at JSXParserMixin.toParseError [as raise] (node_modules/@babel/parser/src/tokenizer/index.ts:1507:19)
      at JSXParserMixin.raise [as unexpected] (node_modules/@babel/parser/src/tokenizer/index.ts:1547:16)
      at JSXParserMixin.unexpected (node_modules/@babel/parser/src/parser/expression.ts:1355:22)
      at JSXParserMixin.parseExprAtom (node_modules/@babel/parser/src/plugins/jsx/index.ts:583:22)
      at JSXParserMixin.parseExprAtom [as parseExprSubscripts] 
(node_modules/@babel/parser/src/parser/expression.ts:742:23)
      at JSXParserMixin.parseExprSubscripts [as parseUpdate] (node_modules/@babel/parser/src/parser/expression.ts:721:21)
      at JSXParserMixin.parseUpdate [as parseMaybeUnary] (node_modules/@babel/parser/src/parser/expression.ts:683:23)
      at JSXParserMixin.parseMaybeUnary [as parseMaybeUnaryOrPrivate] 
(node_modules/@babel/parser/src/parser/expression.ts:417:14)
      at JSXParserMixin.parseMaybeUnaryOrPrivate [as parseExprOps] 
(node_modules/@babel/parser/src/parser/expression.ts:429:23)
      at JSXParserMixin.parseExprOps [as parseMaybeConditional] 
(node_modules/@babel/parser/src/parser/expression.ts:384:23)
      at JSXParserMixin.parseMaybeConditional [as parseMaybeAssign] 
(node_modules/@babel/parser/src/parser/expression.ts:301:21)
      at JSXParserMixin.parseMaybeAssign [as parseExpressionBase] 
(node_modules/@babel/parser/src/parser/expression.ts:226:23)
      at parseExpressionBase (node_modules/@babel/parser/src/parser/expression.ts:217:39)
      at JSXParserMixin.callback [as allowInAnd] (node_modules/@babel/parser/src/parser/expression.ts:3197:16)
      at JSXParserMixin.allowInAnd [as parseExpression] (node_modules/@babel/parser/src/parser/expression.ts:217:17)
      at JSXParserMixin.parseExpression [as parseStatementContent] 
(node_modules/@babel/parser/src/parser/statement.ts:688:23)
      at JSXParserMixin.parseStatementContent [as parseStatementLike] 
(node_modules/@babel/parser/src/parser/statement.ts:482:17)
      at JSXParserMixin.parseStatementLike [as parseModuleItem] 
(node_modules/@babel/parser/src/parser/statement.ts:419:17)
      at JSXParserMixin.parseModuleItem [as parseBlockOrModuleBlockBody] 
(node_modules/@babel/parser/src/parser/statement.ts:1443:16)
      at JSXParserMixin.parseBlockOrModuleBlockBody [as parseBlockBody] 
(node_modules/@babel/parser/src/parser/statement.ts:1417:10)
      at JSXParserMixin.parseBlockBody [as parseProgram] (node_modules/@babel/parser/src/parser/statement.ts:229:10)
      at JSXParserMixin.parseProgram [as parseTopLevel] (node_modules/@babel/parser/src/parser/statement.ts:203:25)
      at JSXParserMixin.parseTopLevel [as parse] (node_modules/@babel/parser/src/parser/index.ts:88:25)
      at parse (node_modules/@babel/parser/src/index.ts:86:38)
      at parser (node_modules/@babel/core/src/parser/index.ts:29:19)
          at parser.next (<anonymous>)
      at normalizeFile (node_modules/@babel/core/src/transformation/normalize-file.ts:50:24)
          at normalizeFile.next (<anonymous>)
      at run (node_modules/@babel/core/src/transformation/index.ts:41:36)
          at run.next (<anonymous>)
      at transform (node_modules/@babel/core/src/transform.ts:29:20)
          at transform.next (<anonymous>)
      at evaluateSync (node_modules/gensync/index.js:251:28)
      at sync (node_modules/gensync/index.js:89:14)
      at fn (node_modules/@babel/core/src/errors/rewrite-stack-trace.ts:99:14)
      at transformSync (node_modules/@babel/core/src/transform.ts:66:52)
      at ScriptTransformer.transformSource (node_modules/@jest/transform/build/index.js:422:31)
      at ScriptTransformer._transformAndBuildScript (node_modules/@jest/transform/build/index.js:519:40)
      at ScriptTransformer.transform (node_modules/@jest/transform/build/index.js:558:19)


Test Suites: 13 failed, 17 passed, 30 total
Tests:       27 failed, 174 passed, 201 total
Snapshots:   0 total
Time:        8.751 s
Ran all test suites.
